Microchip MPLAB XC8 Compiler V2.41

Linker command line:

-W-3 \
  --edf=C:/Users/Unlimited/.mchp_packs/Microchip/PIC18F-K_DFP/1.11.281/xc8\pic\dat\20230721151103_en.msgs \
  -cn -h+dist/default/production\Smart_Home.X.production.sym \
  --cmf=dist/default/production\Smart_Home.X.production.cmf -z -Q18F46K20 \
  -oC:\Users\Unlimited\AppData\Local\Temp\xcAsb58.\driver_tmp_3.o \
  --defsym=__MPLAB_BUILD=1 --fixupoverflow=error \
  -Mdist/default/production/Smart_Home.X.production.map \
  --md=C:\Users\Unlimited\AppData\Local\Temp\xcAsb58.\driver_tmp_0.dat -E1 \
  -ver=XC8 Compiler --acfsm=1493 -ACODE=00h-0FFFFh -ACONST=00h-0FFFFh \
  -ASMALLCONST=01000h-010FFhx240 -AMEDIUMCONST=01000h-0FFFFh \
  -ACOMRAM=01h-05Fh -AABS1=00h-0F5Fh -ABIGRAM=01h-0F5Fh \
  -ARAM=060h-0FFh,0100h-01FFhx14,0F00h-0F5Fh -ABANK0=060h-0FFh \
  -ABANK1=0100h-01FFh -ABANK2=0200h-02FFh -ABANK3=0300h-03FFh \
  -ABANK4=0400h-04FFh -ABANK5=0500h-05FFh -ABANK6=0600h-06FFh \
  -ABANK7=0700h-07FFh -ABANK8=0800h-08FFh -ABANK9=0900h-09FFh \
  -ABANK10=0A00h-0AFFh -ABANK11=0B00h-0BFFh -ABANK12=0C00h-0CFFh \
  -ABANK13=0D00h-0DFFh -ABANK14=0E00h-0EFFh -ABANK15=0F00h-0F5Fh \
  -ASFR=0F60h-0FFFh -ABIGSFR=0F60h-0FFFh -ACONFIG=0300000h-030000Dh \
  -AIDLOC=0200000h-0200007h -AEEDATA=0F00000h-0F003FFh -peeprom_data=EEDATA \
  -preset_vec=00h,intcode=08h,intcodelo,powerup,init -pramtop=01000h \
  -psmallconst=SMALLCONST -pmediumconst=MEDIUMCONST -pconst=CONST \
  -AFARRAM=00h-00h \
  -prdata=COMRAM,nvrram=COMRAM,nvbit=COMRAM,rbss=COMRAM,rbit=COMRAM \
  -pfarbss=FARRAM,fardata=FARRAM,nvFARRAM=FARRAM \
  -pintsave_regs=BIGRAM,bigbss=BIGRAM,bigdata=BIGRAM -pbss=RAM \
  -pidata=CODE,irdata=CODE,ibigdata=CODE,ifardata=CODE -prparam=COMRAM \
  C:\Users\Unlimited\AppData\Local\Temp\xcAsb58.\driver_tmp_14.o \
  dist/default/production\Smart_Home.X.production.o 

Object code version is 3.11

Machine type is 18F46K20



                Name                               Link     Load   Length Selector   Space Scale
C:\Users\Unlimited\AppData\Local\Temp\xcAsb58.\driver_tmp_14.o
                idloc                            200000   200000        8        0       5
                config                           300000   300000        E        0       4
                init                                 C4       C4        4        4       0
                reset_vec                             0        0        4        0       0
dist/default/production\Smart_Home.X.production.o
                intcode                               8        8       BC        4       0
                idloc                            200000   200000        8        0       5
                config                           300000   300000        E        0       4
                temp                                 45       45        1        1       1
                smallconst                         1000     1000       44      800       0
                text80                             2060     2060        4      822       0
                text79                             205C     205C        4      822       0
                text78                             1E44     1E44       24      822       0
                text77                             18D8     18D8       76      822       0
                text76                             1ED4     1ED4       18      822       0
                text75                             1DF4     1DF4       2C      822       0
                text74                             1DC8     1DC8       2C      822       0
                text73                             1D9C     1D9C       2C      822       0
                text72                             1D70     1D70       2C      822       0
                text71                             1C2E     1C2E       40      822       0
                text70                             2058     2058        4      822       0
                text69                             2054     2054        4      822       0
                text68                             2050     2050        4      822       0
                text67                             2026     2026        6      822       0
                text66                             204C     204C        4      822       0
                text65                             2020     2020        6      822       0
                text64                             2012     2012        8      822       0
                text63                             1F2C     1F2C       14      822       0
                text62                             2048     2048        4      822       0
                text61                             17E6     17E6       7C      822       0
                text60                             1F94     1F94        C      822       0
                text59                             1F50     1F50       10      822       0
                text58                             1F40     1F40       10      822       0
                text57                             136E     136E       C4      822       0
                text56                             14E8     14E8       A6      822       0
                text55                             1F88     1F88        C      822       0
                text54                             200A     200A        8      822       0
                text53                             2002     2002        8      822       0
                text52                             1FFA     1FFA        8      822       0
                text51                             1FF2     1FF2        8      822       0
                text50                             1FEA     1FEA        8      822       0
                text49                             1FE2     1FE2        8      822       0
                text48                             1FDA     1FDA        8      822       0
                text47                             1F7C     1F7C        C      822       0
                text46                             1AA0     1AA0       66      822       0
                text45                             2044     2044        4      822       0
                text44                             19C2     19C2       70      822       0
                text43                             201A     201A        6      822       0
                text41                             1FC8     1FC8        A      822       0
                text40                             1FBE     1FBE        A      822       0
                text39                             1FB4     1FB4        A      822       0
                text38                             1C6E     1C6E       3E      822       0
                text37                             1F18     1F18       14      822       0
                text36                             2040     2040        4      822       0
                text35                             1FAA     1FAA        A      822       0
                text34                             1CE6     1CE6       30      822       0
                text33                             1F02     1F02       16      822       0
                text32                             203C     203C        4      822       0
                text31                             2038     2038        4      822       0
                text30                             2034     2034        4      822       0
                text29                             1D44     1D44       2C      822       0
                text28                             2030     2030        4      822       0
                text27                             1BEE     1BEE       40      822       0
                text26                             1FD2     1FD2        8      822       0
                text25                             202C     202C        4      822       0
                text24                             1E68     1E68       22      822       0
                text23                             1FA0     1FA0        A      822       0
                text22                             162E     162E       9E      822       0
                text21                             1862     1862       76      822       0
                text20                             1EBC     1EBC       18      822       0
                text19                             1E20     1E20       24      822       0
                text18                             1EA4     1EA4       18      822       0
                text17                             194E     194E       74      822       0
                text16                             1F6E     1F6E        E      822       0
                text15                             1F60     1F60        E      822       0
                text14                             1A32     1A32       6E      822       0
                text13                             1E8A     1E8A       1A      822       0
                text12                             1EEC     1EEC       16      822       0
                text11                             1CAC     1CAC       3A      822       0
                text10                             2064     2064        2      822       0
                text9                              12A4     12A4       CA      822       0
                text8                              1BAA     1BAA       44      822       0
                text7                              1768     1768       7E      822       0
                text6                              1184     1184      120      822       0
                text5                              1044     1044      140      822       0
                text4                              1B06     1B06       54      822       0
                text3                              1B5A     1B5A       50      822       0
                text2                              1432     1432       B6      822       0
                text1                              158E     158E       A0      822       0
                text0                              16CC     16CC       9C      822       0
                cstackCOMRAM                          1        1       2A        1       1
                cstackBANK0                          60       60       56       60       1
                cstackBANK1                         132      132        2      100       1
                bssBANK1                            100      100       32      100       1
                bssBANK0                             B6       B6       45       60       1
                bssCOMRAM                            2B       2B       18        1       1
                cinit                              1D16     1D16       2E      822       0
                nvBANK0                              FB       FB        4       60       1
                nvCOMRAM                             43       43        2        1       1

TOTAL           Name                               Link     Load   Length     Space
        CLASS   CODE           
                intcode                               8        8       BC         0
                init                                 C4       C4        4         0
                reset_vec                             0        0        4         0
                text80                             2060     2060        4         0
                text79                             205C     205C        4         0
                text78                             1E44     1E44       24         0
                text77                             18D8     18D8       76         0
                text76                             1ED4     1ED4       18         0
                text75                             1DF4     1DF4       2C         0
                text74                             1DC8     1DC8       2C         0
                text73                             1D9C     1D9C       2C         0
                text72                             1D70     1D70       2C         0
                text71                             1C2E     1C2E       40         0
                text70                             2058     2058        4         0
                text69                             2054     2054        4         0
                text68                             2050     2050        4         0
                text67                             2026     2026        6         0
                text66                             204C     204C        4         0
                text65                             2020     2020        6         0
                text64                             2012     2012        8         0
                text63                             1F2C     1F2C       14         0
                text62                             2048     2048        4         0
                text61                             17E6     17E6       7C         0
                text60                             1F94     1F94        C         0
                text59                             1F50     1F50       10         0
                text58                             1F40     1F40       10         0
                text57                             136E     136E       C4         0
                text56                             14E8     14E8       A6         0
                text55                             1F88     1F88        C         0
                text54                             200A     200A        8         0
                text53                             2002     2002        8         0
                text52                             1FFA     1FFA        8         0
                text51                             1FF2     1FF2        8         0
                text50                             1FEA     1FEA        8         0
                text49                             1FE2     1FE2        8         0
                text48                             1FDA     1FDA        8         0
                text47                             1F7C     1F7C        C         0
                text46                             1AA0     1AA0       66         0
                text45                             2044     2044        4         0
                text44                             19C2     19C2       70         0
                text43                             201A     201A        6         0
                text41                             1FC8     1FC8        A         0
                text40                             1FBE     1FBE        A         0
                text39                             1FB4     1FB4        A         0
                text38                             1C6E     1C6E       3E         0
                text37                             1F18     1F18       14         0
                text36                             2040     2040        4         0
                text35                             1FAA     1FAA        A         0
                text34                             1CE6     1CE6       30         0
                text33                             1F02     1F02       16         0
                text32                             203C     203C        4         0
                text31                             2038     2038        4         0
                text30                             2034     2034        4         0
                text29                             1D44     1D44       2C         0
                text28                             2030     2030        4         0
                text27                             1BEE     1BEE       40         0
                text26                             1FD2     1FD2        8         0
                text25                             202C     202C        4         0
                text24                             1E68     1E68       22         0
                text23                             1FA0     1FA0        A         0
                text22                             162E     162E       9E         0
                text21                             1862     1862       76         0
                text20                             1EBC     1EBC       18         0
                text19                             1E20     1E20       24         0
                text18                             1EA4     1EA4       18         0
                text17                             194E     194E       74         0
                text16                             1F6E     1F6E        E         0
                text15                             1F60     1F60        E         0
                text14                             1A32     1A32       6E         0
                text13                             1E8A     1E8A       1A         0
                text12                             1EEC     1EEC       16         0
                text11                             1CAC     1CAC       3A         0
                text10                             2064     2064        2         0
                text9                              12A4     12A4       CA         0
                text8                              1BAA     1BAA       44         0
                text7                              1768     1768       7E         0
                text6                              1184     1184      120         0
                text5                              1044     1044      140         0
                text4                              1B06     1B06       54         0
                text3                              1B5A     1B5A       50         0
                text2                              1432     1432       B6         0
                text1                              158E     158E       A0         0
                text0                              16CC     16CC       9C         0
                cinit                              1D16     1D16       2E         0

        CLASS   CONST          

        CLASS   SMALLCONST     
                smallconst                         1000     1000       44         0

        CLASS   MEDIUMCONST    

        CLASS   COMRAM         
                temp                                 45       45        1         1
                cstackCOMRAM                          1        1       2A         1
                bssCOMRAM                            2B       2B       18         1
                nvCOMRAM                             43       43        2         1

        CLASS   ABS1           

        CLASS   BIGRAM         

        CLASS   RAM            

        CLASS   BANK0          
                cstackBANK0                          60       60       56         1
                bssBANK0                             B6       B6       45         1
                nvBANK0                              FB       FB        4         1

        CLASS   BANK1          
                cstackBANK1                         132      132        2         1
                bssBANK1                            100      100       32         1

        CLASS   BANK2          

        CLASS   BANK3          

        CLASS   BANK4          

        CLASS   BANK5          

        CLASS   BANK6          

        CLASS   BANK7          

        CLASS   BANK8          

        CLASS   BANK9          

        CLASS   BANK10         

        CLASS   BANK11         

        CLASS   BANK12         

        CLASS   BANK13         

        CLASS   BANK14         

        CLASS   BANK15         

        CLASS   SFR            

        CLASS   BIGSFR         

        CLASS   CONFIG         
                config                           300000   300000        E         4

        CLASS   IDLOC          
                idloc                            200000   200000        8         5

        CLASS   EEDATA         

        CLASS   FARRAM         

        CLASS   HEAP           

        CLASS   STACK          



SEGMENTS        Name                           Load    Length   Top    Selector   Space  Class

                reset_vec                      000000  000004  000004         0       0  CODE    
                cstackCOMRAM                   000001  000045  000046         1       1  COMRAM  
                intcode                        000008  0000C0  0000C8         4       0  CODE    
                cstackBANK0                    000060  00009F  0000FF        60       1  BANK0   
                bssBANK1                       000100  000034  000134       100       1  BANK1   
                smallconst                     001000  000044  001044       800       0  SMALLCON
                text5                          001044  001022  002066       822       0  CODE    


UNUSED ADDRESS RANGES

        Name                Unused          Largest block    Delta
        BANK0            0000FF-0000FF                1
        BANK1            000134-0001FF               CC
        BANK10           000A00-000AFF              100
        BANK11           000B00-000BFF              100
        BANK12           000C00-000CFF              100
        BANK13           000D00-000DFF              100
        BANK14           000E00-000EFF              100
        BANK15           000F00-000F5F               60
        BANK2            000200-0002FF              100
        BANK3            000300-0003FF              100
        BANK4            000400-0004FF              100
        BANK5            000500-0005FF              100
        BANK6            000600-0006FF              100
        BANK7            000700-0007FF              100
        BANK8            000800-0008FF              100
        BANK9            000900-0009FF              100
        BIGRAM           000046-00005F               1A
                         0000FF-0000FF                1
                         000134-000F5F              E2C
        BIGSFR           000F60-000FFF               A0
        CODE             000004-000007                4
                         0000C8-000FFF              F38
                         002066-00FFFF             DF9A
        COMRAM           000046-00005F               1A
        CONST            000004-000007                4
                         0000C8-000FFF              F38
                         002066-00FFFF             DF9A
        EEDATA           F00000-F003FF              400
        MEDIUMCONST      002066-00FFFF             DF9A
        RAM              0000FF-0000FF                1
                         000134-000F5F              100
        SFR              000F60-000FFF               A0
        SMALLCONST       002066-00FFFF              100

                                  Symbol Table

?_rtc_get_value                                cstackBANK0  000060
?_sprintf                                      cstackBANK0  000090
?_vfprintf                                     cstackBANK0  000088
EUSART_SetErrorHandler@interruptHandler        cstackCOMRAM 00001A
EUSART_SetFramingErrorHandler@interruptHandler cstackCOMRAM 00001A
EUSART_SetOverrunErrorHandler@interruptHandler cstackCOMRAM 00001A
EUSART_Write@txData                            cstackCOMRAM 00001A
EUSART_Write_string@data                       cstackCOMRAM 00001B
EUSART_Write_string@i                          cstackCOMRAM 00001D
I2C_CallbackReturnReset@funPtr                 cstackCOMRAM 00000A
I2C_Close@returnValue                          cstackCOMRAM 00001A
I2C_MasterOperation@read                       cstackCOMRAM 00001A
I2C_MasterOperation@returnValue                cstackCOMRAM 00001B
I2C_MasterSendTxData@data                      cstackCOMRAM 000001
I2C_Open@address                               cstackCOMRAM 00001C
I2C_Open@returnValue                           cstackCOMRAM 00001D
I2C_Read1ByteRegister@address                  cstackCOMRAM 000024
I2C_Read1ByteRegister@reg                      cstackCOMRAM 000023
I2C_Read1ByteRegister@returnValue              cstackCOMRAM 000025
I2C_SetAddressNackCallback@cb                  cstackCOMRAM 00001F
I2C_SetAddressNackCallback@ptr                 cstackCOMRAM 000021
I2C_SetBuffer@buffer                           cstackCOMRAM 00001A
I2C_SetBuffer@bufferSize                       cstackCOMRAM 00001C
I2C_SetCallback@cb                             cstackCOMRAM 00001A
I2C_SetCallback@idx                            cstackCOMRAM 00001E
I2C_SetCallback@ptr                            cstackCOMRAM 00001C
I2C_SetDataCompleteCallback@cb                 cstackCOMRAM 00001F
I2C_SetDataCompleteCallback@ptr                cstackCOMRAM 000021
I2C_SetInterruptHandler@InterruptHandler       cstackCOMRAM 00001A
I2C_Write1ByteRegister@address                 cstackCOMRAM 000025
I2C_Write1ByteRegister@data                    cstackCOMRAM 000024
I2C_Write1ByteRegister@reg                     cstackCOMRAM 000023
Temp_sensor_TC74_Read@address                  cstackCOMRAM 000027
Temp_sensor_TC74_Read@reg                      cstackCOMRAM 000026
_ANSEL                                         (abs)        000F7E
_ANSELH                                        (abs)        000F7F
_BAUDCON                                       (abs)        000FB8
_EEADR                                         (abs)        000FA9
_EEADRH                                        (abs)        000FAA
_EECON1bits                                    (abs)        000FA6
_EECON2                                        (abs)        000FA7
_EEDATA                                        (abs)        000FA8
_EUSART_DefaultErrorHandler                    (abs)        000000
_EUSART_DefaultFramingErrorHandler             (abs)        000000
_EUSART_DefaultOverrunErrorHandler             (abs)        000000
_EUSART_ErrorHandler                           nvBANK0      0000FB
_EUSART_FramingErrorHandler                    nvCOMRAM     000043
_EUSART_Initialize                             text38       001C6E
_EUSART_OverrunErrorHandler                    nvBANK0      0000FD
_EUSART_SetErrorHandler                        text41       001FC8
_EUSART_SetFramingErrorHandler                 text40       001FBE
_EUSART_SetOverrunErrorHandler                 text39       001FB4
_EUSART_Write                                  text12       001EEC
_EUSART_Write_string                           text11       001CAC
_I2C_CallbackReturnReset                       text69       002054
_I2C_CallbackReturnStop                        text70       002058
_I2C_Close                                     text29       001D44
_I2C_DO_ADDRESS_NACK                           text46       001AA0
_I2C_DO_IDLE                                   text60       001F94
_I2C_DO_RCEN                                   text55       001F88
_I2C_DO_RESET                                  text47       001F7C
_I2C_DO_RX                                     text56       0014E8
_I2C_DO_RX_ACK                                 text50       001FEA
_I2C_DO_RX_NACK_RESTART                        text48       001FDA
_I2C_DO_RX_NACK_STOP                           text49       001FE2
_I2C_DO_SEND_ADR_READ                          text59       001F50
_I2C_DO_SEND_ADR_WRITE                         text58       001F40
_I2C_DO_SEND_RESTART                           text52       001FFA
_I2C_DO_SEND_RESTART_READ                      text54       00200A
_I2C_DO_SEND_RESTART_WRITE                     text53       002002
_I2C_DO_SEND_STOP                              text51       001FF2
_I2C_DO_TX                                     text57       00136E
_I2C_DO_TX_EMPTY                               text61       0017E6
_I2C_Initialize                                text37       001F18
_I2C_MasterClearIrq                            text32       00203C
_I2C_MasterClose                               text31       002038
_I2C_MasterDisableIrq                          text30       002034
_I2C_MasterEnableIrq                           text25       00202C
_I2C_MasterEnableRestart                       text80       002060
_I2C_MasterFsm                                 text44       0019C2
_I2C_MasterGetRxData                           text66       00204C
_I2C_MasterIsNack                              text63       001F2C
_I2C_MasterIsr                                 text43       00201A
_I2C_MasterOpen                                text24       001E68
_I2C_MasterOperation                           text27       001BEE
_I2C_MasterSendAck                             text65       002020
_I2C_MasterSendNack                            text67       002026
_I2C_MasterSendTxData                          text64       002012
_I2C_MasterSetIrq                              text62       002048
_I2C_MasterStart                               text28       002030
_I2C_MasterStartRx                             text68       002050
_I2C_MasterStop                                text79       00205C
_I2C_MasterWrite                               text26       001FD2
_I2C_Open                                      text22       00162E
_I2C_Read1ByteRegister                         text17       00194E
_I2C_SetAddressNackCallback                    text20       001EBC
_I2C_SetBuffer                                 text19       001E20
_I2C_SetCallback                               text21       001862
_I2C_SetDataCompleteCallback                   text18       001EA4
_I2C_SetInterruptHandler                       text23       001FA0
_I2C_Status                                    bssBANK0     0000B6
_I2C_Write1ByteRegister                        text14       001A32
_INTCON2bits                                   (abs)        000FF1
_INTCONbits                                    (abs)        000FF2
_INTERRUPT_Initialize                          text36       002040
_INTERRUPT_InterruptManager                    intcode      000008
_LATA                                          (abs)        000F89
_LATB                                          (abs)        000F8A
_LATC                                          (abs)        000F8B
_LATD                                          (abs)        000F8C
_LATE                                          (abs)        000F8D
_MSSP_InterruptHandler                         bssCOMRAM    000036
_OSCCON                                        (abs)        000FD3
_OSCILLATOR_Initialize                         text35       001FAA
_OSCTUNE                                       (abs)        000F9B
_PIE1bits                                      (abs)        000F9D
_PIE2bits                                      (abs)        000FA0
_PIN_MANAGER_Initialize                        text34       001CE6
_PIR1bits                                      (abs)        000F9E
_PIR2bits                                      (abs)        000FA1
_RCONbits                                      (abs)        000FD0
_RCREG                                         (abs)        000FAE
_RCSTA                                         (abs)        000FAB
_RCSTAbits                                     (abs)        000FAB
_SPBRG                                         (abs)        000FAF
_SPBRGH                                        (abs)        000FB0
_SSPADD                                        (abs)        000FC8
_SSPBUF                                        (abs)        000FC9
_SSPCON1                                       (abs)        000FC6
_SSPCON1bits                                   (abs)        000FC6
_SSPCON2                                       (abs)        000FC5
_SSPCON2bits                                   (abs)        000FC5
_SSPSTAT                                       (abs)        000FC7
_SSPSTATbits                                   (abs)        000FC7
_SYSTEM_Initialize                             text33       001F02
_TABLAT                                        (abs)        000FF5
_TBLPTRH                                       (abs)        000FF7
_TBLPTRL                                       (abs)        000FF6
_TBLPTRU                                       (abs)        000FF8
_TRISA                                         (abs)        000F92
_TRISB                                         (abs)        000F93
_TRISC                                         (abs)        000F94
_TRISD                                         (abs)        000F95
_TRISE                                         (abs)        000F96
_TXREG                                         (abs)        000FAD
_TXSTA                                         (abs)        000FAC
_TXSTAbits                                     (abs)        000FAC
_Temp_sensor_TC74_Read                         text16       001F6E
_WPUB                                          (abs)        000F7C
__HRAM                                         (abs)        000000
__H__absolute__                                __absolute__ 000000
__Habs1                                        abs1         000000
__Hbank0                                       bank0        000000
__Hbank1                                       bank1        000000
__Hbank10                                      bank10       000000
__Hbank11                                      bank11       000000
__Hbank12                                      bank12       000000
__Hbank13                                      bank13       000000
__Hbank14                                      bank14       000000
__Hbank15                                      bank15       000000
__Hbank2                                       bank2        000000
__Hbank3                                       bank3        000000
__Hbank4                                       bank4        000000
__Hbank5                                       bank5        000000
__Hbank6                                       bank6        000000
__Hbank7                                       bank7        000000
__Hbank8                                       bank8        000000
__Hbank9                                       bank9        000000
__Hbigbss                                      bigbss       000000
__Hbigdata                                     bigdata      000000
__Hbigram                                      bigram       000000
__Hbigsfr                                      bigsfr       000000
__Hbss                                         bss          000000
__HbssBANK0                                    bssBANK0     000000
__HbssBANK1                                    bssBANK1     000000
__HbssCOMRAM                                   bssCOMRAM    000000
__Hcinit                                       cinit        000000
__Hclrtext                                     clrtext      000000
__Hcomram                                      comram       000000
__Hconfig                                      config       30000E
__Hconst                                       const        000000
__HcstackBANK0                                 cstackBANK0  000000
__HcstackBANK1                                 cstackBANK1  000000
__HcstackCOMRAM                                cstackCOMRAM 000000
__Hdata                                        data         000000
__Heeprom_data                                 eeprom_data  000000
__Hfarbss                                      farbss       000000
__Hfardata                                     fardata      000000
__Hheap                                        heap         000000
__Hibigdata                                    ibigdata     000000
__Hidata                                       idata        000000
__Hidloc                                       idloc        200008
__Hifardata                                    ifardata     000000
__Hinit                                        init         0000C8
__Hintcode                                     intcode      0000C4
__Hintcode_body                                intcode_body 000000
__Hintcodelo                                   intcodelo    0000C4
__Hintentry                                    intentry     000000
__Hintret                                      intret       000000
__Hintsave_regs                                intsave_regs 000000
__Hirdata                                      irdata       000000
__Hmediumconst                                 mediumconst  000000
__HnvBANK0                                     nvBANK0      000000
__HnvCOMRAM                                    nvCOMRAM     000000
__HnvFARRAM                                    nvFARRAM     000000
__Hnvbit                                       nvbit        000000
__Hnvrram                                      nvrram       000000
__Hparam                                       rparam       000000
__Hpowerup                                     powerup      0000C4
__Hram                                         ram          000000
__Hramtop                                      ramtop       001000
__Hrbit                                        rbit         000000
__Hrbss                                        rbss         000000
__Hrdata                                       rdata        000000
__Hreset_vec                                   reset_vec    000004
__Hrparam                                      rparam       000000
__Hsfr                                         sfr          000000
__Hsmallconst                                  smallconst   001044
__Hspace_0                                     (abs)        002066
__Hspace_1                                     (abs)        000134
__Hspace_2                                     (abs)        000000
__Hspace_4                                     (abs)        60000E
__Hstack                                       stack        000000
__Hstruct                                      struct       000000
__Htemp                                        temp         000046
__Htext                                        text         000000
__Htext0                                       text0        000000
__Htext1                                       text1        000000
__Htext10                                      text10       000000
__Htext11                                      text11       000000
__Htext12                                      text12       000000
__Htext13                                      text13       000000
__Htext14                                      text14       000000
__Htext15                                      text15       000000
__Htext16                                      text16       000000
__Htext17                                      text17       000000
__Htext18                                      text18       000000
__Htext19                                      text19       000000
__Htext2                                       text2        000000
__Htext20                                      text20       000000
__Htext21                                      text21       000000
__Htext22                                      text22       000000
__Htext23                                      text23       000000
__Htext24                                      text24       000000
__Htext25                                      text25       000000
__Htext26                                      text26       000000
__Htext27                                      text27       000000
__Htext28                                      text28       000000
__Htext29                                      text29       000000
__Htext3                                       text3        000000
__Htext30                                      text30       000000
__Htext31                                      text31       000000
__Htext32                                      text32       000000
__Htext33                                      text33       000000
__Htext34                                      text34       000000
__Htext35                                      text35       000000
__Htext36                                      text36       000000
__Htext37                                      text37       000000
__Htext38                                      text38       000000
__Htext39                                      text39       000000
__Htext4                                       text4        000000
__Htext40                                      text40       000000
__Htext41                                      text41       000000
__Htext43                                      text43       000000
__Htext44                                      text44       000000
__Htext45                                      text45       000000
__Htext46                                      text46       000000
__Htext47                                      text47       000000
__Htext48                                      text48       000000
__Htext49                                      text49       000000
__Htext5                                       text5        000000
__Htext50                                      text50       000000
__Htext51                                      text51       000000
__Htext52                                      text52       000000
__Htext53                                      text53       000000
__Htext54                                      text54       000000
__Htext55                                      text55       000000
__Htext56                                      text56       000000
__Htext57                                      text57       000000
__Htext58                                      text58       000000
__Htext59                                      text59       000000
__Htext6                                       text6        000000
__Htext60                                      text60       000000
__Htext61                                      text61       000000
__Htext62                                      text62       000000
__Htext63                                      text63       000000
__Htext64                                      text64       000000
__Htext65                                      text65       000000
__Htext66                                      text66       000000
__Htext67                                      text67       000000
__Htext68                                      text68       000000
__Htext69                                      text69       000000
__Htext7                                       text7        000000
__Htext70                                      text70       000000
__Htext71                                      text71       000000
__Htext72                                      text72       000000
__Htext73                                      text73       000000
__Htext74                                      text74       000000
__Htext75                                      text75       000000
__Htext76                                      text76       000000
__Htext77                                      text77       000000
__Htext78                                      text78       000000
__Htext79                                      text79       000000
__Htext8                                       text8        000000
__Htext80                                      text80       000000
__Htext81                                      text81       000000
__Htext9                                       text9        000000
__LRAM                                         (abs)        000001
__L__absolute__                                __absolute__ 000000
__Labs1                                        abs1         000000
__Lbank0                                       bank0        000000
__Lbank1                                       bank1        000000
__Lbank10                                      bank10       000000
__Lbank11                                      bank11       000000
__Lbank12                                      bank12       000000
__Lbank13                                      bank13       000000
__Lbank14                                      bank14       000000
__Lbank15                                      bank15       000000
__Lbank2                                       bank2        000000
__Lbank3                                       bank3        000000
__Lbank4                                       bank4        000000
__Lbank5                                       bank5        000000
__Lbank6                                       bank6        000000
__Lbank7                                       bank7        000000
__Lbank8                                       bank8        000000
__Lbank9                                       bank9        000000
__Lbigbss                                      bigbss       000000
__Lbigdata                                     bigdata      000000
__Lbigram                                      bigram       000000
__Lbigsfr                                      bigsfr       000000
__Lbss                                         bss          000000
__LbssBANK0                                    bssBANK0     000000
__LbssBANK1                                    bssBANK1     000000
__LbssCOMRAM                                   bssCOMRAM    000000
__Lcinit                                       cinit        000000
__Lclrtext                                     clrtext      000000
__Lcomram                                      comram       000000
__Lconfig                                      config       000000
__Lconst                                       const        000000
__LcstackBANK0                                 cstackBANK0  000000
__LcstackBANK1                                 cstackBANK1  000000
__LcstackCOMRAM                                cstackCOMRAM 000000
__Ldata                                        data         000000
__Leeprom_data                                 eeprom_data  000000
__Lfarbss                                      farbss       000000
__Lfardata                                     fardata      000000
__Lheap                                        heap         000000
__Libigdata                                    ibigdata     000000
__Lidata                                       idata        000000
__Lidloc                                       idloc        000000
__Lifardata                                    ifardata     000000
__Linit                                        init         0000C4
__Lintcode                                     intcode      000008
__Lintcode_body                                intcode_body 000000
__Lintcodelo                                   intcodelo    0000C4
__Lintentry                                    intentry     000000
__Lintret                                      intret       000000
__Lintsave_regs                                intsave_regs 000000
__Lirdata                                      irdata       000000
__Lmediumconst                                 mediumconst  000000
__LnvBANK0                                     nvBANK0      000000
__LnvCOMRAM                                    nvCOMRAM     000000
__LnvFARRAM                                    nvFARRAM     000000
__Lnvbit                                       nvbit        000000
__Lnvrram                                      nvrram       000000
__Lparam                                       rparam       000000
__Lpowerup                                     powerup      0000C4
__Lram                                         ram          000000
__Lramtop                                      ramtop       001000
__Lrbit                                        rbit         000000
__Lrbss                                        rbss         000000
__Lrdata                                       rdata        000000
__Lreset_vec                                   reset_vec    000000
__Lrparam                                      rparam       000000
__Lsfr                                         sfr          000000
__Lsmallconst                                  smallconst   001000
__Lspace_0                                     (abs)        000000
__Lspace_1                                     (abs)        000000
__Lspace_2                                     (abs)        000000
__Lspace_4                                     (abs)        000000
__Lstack                                       stack        000000
__Lstruct                                      struct       000000
__Ltemp                                        temp         000045
__Ltext                                        text         000000
__Ltext0                                       text0        000000
__Ltext1                                       text1        000000
__Ltext10                                      text10       000000
__Ltext11                                      text11       000000
__Ltext12                                      text12       000000
__Ltext13                                      text13       000000
__Ltext14                                      text14       000000
__Ltext15                                      text15       000000
__Ltext16                                      text16       000000
__Ltext17                                      text17       000000
__Ltext18                                      text18       000000
__Ltext19                                      text19       000000
__Ltext2                                       text2        000000
__Ltext20                                      text20       000000
__Ltext21                                      text21       000000
__Ltext22                                      text22       000000
__Ltext23                                      text23       000000
__Ltext24                                      text24       000000
__Ltext25                                      text25       000000
__Ltext26                                      text26       000000
__Ltext27                                      text27       000000
__Ltext28                                      text28       000000
__Ltext29                                      text29       000000
__Ltext3                                       text3        000000
__Ltext30                                      text30       000000
__Ltext31                                      text31       000000
__Ltext32                                      text32       000000
__Ltext33                                      text33       000000
__Ltext34                                      text34       000000
__Ltext35                                      text35       000000
__Ltext36                                      text36       000000
__Ltext37                                      text37       000000
__Ltext38                                      text38       000000
__Ltext39                                      text39       000000
__Ltext4                                       text4        000000
__Ltext40                                      text40       000000
__Ltext41                                      text41       000000
__Ltext43                                      text43       000000
__Ltext44                                      text44       000000
__Ltext45                                      text45       000000
__Ltext46                                      text46       000000
__Ltext47                                      text47       000000
__Ltext48                                      text48       000000
__Ltext49                                      text49       000000
__Ltext5                                       text5        000000
__Ltext50                                      text50       000000
__Ltext51                                      text51       000000
__Ltext52                                      text52       000000
__Ltext53                                      text53       000000
__Ltext54                                      text54       000000
__Ltext55                                      text55       000000
__Ltext56                                      text56       000000
__Ltext57                                      text57       000000
__Ltext58                                      text58       000000
__Ltext59                                      text59       000000
__Ltext6                                       text6        000000
__Ltext60                                      text60       000000
__Ltext61                                      text61       000000
__Ltext62                                      text62       000000
__Ltext63                                      text63       000000
__Ltext64                                      text64       000000
__Ltext65                                      text65       000000
__Ltext66                                      text66       000000
__Ltext67                                      text67       000000
__Ltext68                                      text68       000000
__Ltext69                                      text69       000000
__Ltext7                                       text7        000000
__Ltext70                                      text70       000000
__Ltext71                                      text71       000000
__Ltext72                                      text72       000000
__Ltext73                                      text73       000000
__Ltext74                                      text74       000000
__Ltext75                                      text75       000000
__Ltext76                                      text76       000000
__Ltext77                                      text77       000000
__Ltext78                                      text78       000000
__Ltext79                                      text79       000000
__Ltext8                                       text8        000000
__Ltext80                                      text80       000000
__Ltext81                                      text81       000000
__Ltext9                                       text9        000000
__S0                                           (abs)        002066
__S1                                           (abs)        000134
__S4                                           (abs)        000000
__S5                                           (abs)        000000
___heap_hi                                     (abs)        000000
___heap_lo                                     (abs)        000000
___inthi_sp                                    stack        000000
___intlo_sp                                    stack        000000
___param_bank                                  (abs)        000000
___rparam_used                                 (abs)        000001
___sp                                          stack        000000
__accesstop                                    (abs)        000060
__activetblptr                                 (abs)        000003
__end_of_EUSART_Initialize                     text38       001CAC
__end_of_EUSART_SetErrorHandler                text41       001FD2
__end_of_EUSART_SetFramingErrorHandler         text40       001FC8
__end_of_EUSART_SetOverrunErrorHandler         text39       001FBE
__end_of_EUSART_Write                          text12       001F02
__end_of_EUSART_Write_string                   text11       001CE6
__end_of_I2C_CallbackReturnReset               text69       002058
__end_of_I2C_CallbackReturnStop                text70       00205C
__end_of_I2C_Close                             text29       001D70
__end_of_I2C_DO_ADDRESS_NACK                   text46       001B06
__end_of_I2C_DO_IDLE                           text60       001FA0
__end_of_I2C_DO_RCEN                           text55       001F94
__end_of_I2C_DO_RESET                          text47       001F88
__end_of_I2C_DO_RX                             text56       00158E
__end_of_I2C_DO_RX_ACK                         text50       001FF2
__end_of_I2C_DO_RX_NACK_RESTART                text48       001FE2
__end_of_I2C_DO_RX_NACK_STOP                   text49       001FEA
__end_of_I2C_DO_SEND_ADR_READ                  text59       001F60
__end_of_I2C_DO_SEND_ADR_WRITE                 text58       001F50
__end_of_I2C_DO_SEND_RESTART                   text52       002002
__end_of_I2C_DO_SEND_RESTART_READ              text54       002012
__end_of_I2C_DO_SEND_RESTART_WRITE             text53       00200A
__end_of_I2C_DO_SEND_STOP                      text51       001FFA
__end_of_I2C_DO_TX                             text57       001432
__end_of_I2C_DO_TX_EMPTY                       text61       001862
__end_of_I2C_Initialize                        text37       001F2C
__end_of_I2C_MasterClearIrq                    text32       002040
__end_of_I2C_MasterClose                       text31       00203C
__end_of_I2C_MasterDisableIrq                  text30       002038
__end_of_I2C_MasterEnableIrq                   text25       002030
__end_of_I2C_MasterEnableRestart               text80       002064
__end_of_I2C_MasterFsm                         text44       001A32
__end_of_I2C_MasterGetRxData                   text66       002050
__end_of_I2C_MasterIsNack                      text63       001F40
__end_of_I2C_MasterIsr                         text43       002020
__end_of_I2C_MasterOpen                        text24       001E8A
__end_of_I2C_MasterOperation                   text27       001C2E
__end_of_I2C_MasterSendAck                     text65       002026
__end_of_I2C_MasterSendNack                    text67       00202C
__end_of_I2C_MasterSendTxData                  text64       00201A
__end_of_I2C_MasterSetIrq                      text62       00204C
__end_of_I2C_MasterStart                       text28       002034
__end_of_I2C_MasterStartRx                     text68       002054
__end_of_I2C_MasterStop                        text79       002060
__end_of_I2C_MasterWrite                       text26       001FDA
__end_of_I2C_Open                              text22       0016CC
__end_of_I2C_Read1ByteRegister                 text17       0019C2
__end_of_I2C_SetAddressNackCallback            text20       001ED4
__end_of_I2C_SetBuffer                         text19       001E44
__end_of_I2C_SetCallback                       text21       0018D8
__end_of_I2C_SetDataCompleteCallback           text18       001EBC
__end_of_I2C_SetInterruptHandler               text23       001FAA
__end_of_I2C_Write1ByteRegister                text14       001AA0
__end_of_INTERRUPT_Initialize                  text36       002044
__end_of_INTERRUPT_InterruptManager            intcode      0000C4
__end_of_OSCILLATOR_Initialize                 text35       001FB4
__end_of_PIN_MANAGER_Initialize                text34       001D16
__end_of_SYSTEM_Initialize                     text33       001F18
__end_of_Temp_sensor_TC74_Read                 text16       001F7C
__end_of__initialization                       cinit        001D3A
__end_of_eeprom_24C01C_read_byte               text15       001F6E
__end_of_eeprom_24C01C_write_byte              text13       001EA4
__end_of_fputc                                 text9        00136E
__end_of_fputs                                 text8        001BEE
__end_of_i2c_fsmStateTable                     smallconst   001021
__end_of_main                                  text0        001768
__end_of_pad                                   text7        0017E6
__end_of_print_rtc_data_time                   text2        0014E8
__end_of_putch                                 text10       002066
__end_of_rd1RegCompleteHandler                 text74       001DF4
__end_of_rd2RegCompleteHandler                 text73       001DC8
__end_of_rdBlkRegCompleteHandler               text71       001C6E
__end_of_rtc_get_value                         text1        00162E
__end_of_sprintf                               text3        001BAA
__end_of_vfpfcnvrt                             text5        001184
__end_of_vfprintf                              text4        001B5A
__end_of_wr1RegCompleteHandler                 text72       001D9C
__end_of_wr2RegCompleteHandler                 text75       001E20
__end_of_xtoa                                  text6        0012A4
__end_ofi2_I2C_MasterClearIrq                  text45       002048
__end_ofi2_I2C_SetBuffer                       text78       001E68
__end_ofi2_I2C_SetCallback                     text77       00194E
__end_ofi2_I2C_SetDataCompleteCallback         text76       001EEC
__initialization                               cinit        001D16
__mediumconst                                  mediumconst  000000
__pbssBANK0                                    bssBANK0     0000B6
__pbssBANK1                                    bssBANK1     000100
__pbssCOMRAM                                   bssCOMRAM    00002B
__pcinit                                       cinit        001D16
__pcstackBANK0                                 cstackBANK0  000060
__pcstackBANK1                                 cstackBANK1  000132
__pcstackCOMRAM                                cstackCOMRAM 000001
__pintcode                                     intcode      000008
__pnvBANK0                                     nvBANK0      0000FB
__pnvCOMRAM                                    nvCOMRAM     000043
__psmallconst                                  smallconst   001000
__ptext0                                       text0        0016CC
__ptext1                                       text1        00158E
__ptext10                                      text10       002064
__ptext11                                      text11       001CAC
__ptext12                                      text12       001EEC
__ptext13                                      text13       001E8A
__ptext14                                      text14       001A32
__ptext15                                      text15       001F60
__ptext16                                      text16       001F6E
__ptext17                                      text17       00194E
__ptext18                                      text18       001EA4
__ptext19                                      text19       001E20
__ptext2                                       text2        001432
__ptext20                                      text20       001EBC
__ptext21                                      text21       001862
__ptext22                                      text22       00162E
__ptext23                                      text23       001FA0
__ptext24                                      text24       001E68
__ptext25                                      text25       00202C
__ptext26                                      text26       001FD2
__ptext27                                      text27       001BEE
__ptext28                                      text28       002030
__ptext29                                      text29       001D44
__ptext3                                       text3        001B5A
__ptext30                                      text30       002034
__ptext31                                      text31       002038
__ptext32                                      text32       00203C
__ptext33                                      text33       001F02
__ptext34                                      text34       001CE6
__ptext35                                      text35       001FAA
__ptext36                                      text36       002040
__ptext37                                      text37       001F18
__ptext38                                      text38       001C6E
__ptext39                                      text39       001FB4
__ptext4                                       text4        001B06
__ptext40                                      text40       001FBE
__ptext41                                      text41       001FC8
__ptext43                                      text43       00201A
__ptext44                                      text44       0019C2
__ptext45                                      text45       002044
__ptext46                                      text46       001AA0
__ptext47                                      text47       001F7C
__ptext48                                      text48       001FDA
__ptext49                                      text49       001FE2
__ptext5                                       text5        001044
__ptext50                                      text50       001FEA
__ptext51                                      text51       001FF2
__ptext52                                      text52       001FFA
__ptext53                                      text53       002002
__ptext54                                      text54       00200A
__ptext55                                      text55       001F88
__ptext56                                      text56       0014E8
__ptext57                                      text57       00136E
__ptext58                                      text58       001F40
__ptext59                                      text59       001F50
__ptext6                                       text6        001184
__ptext60                                      text60       001F94
__ptext61                                      text61       0017E6
__ptext62                                      text62       002048
__ptext63                                      text63       001F2C
__ptext64                                      text64       002012
__ptext65                                      text65       002020
__ptext66                                      text66       00204C
__ptext67                                      text67       002026
__ptext68                                      text68       002050
__ptext69                                      text69       002054
__ptext7                                       text7        001768
__ptext70                                      text70       002058
__ptext71                                      text71       001C2E
__ptext72                                      text72       001D70
__ptext73                                      text73       001D9C
__ptext74                                      text74       001DC8
__ptext75                                      text75       001DF4
__ptext76                                      text76       001ED4
__ptext77                                      text77       0018D8
__ptext78                                      text78       001E44
__ptext79                                      text79       00205C
__ptext8                                       text8        001BAA
__ptext80                                      text80       002060
__ptext81                                      text81       000000
__ptext9                                       text9        0012A4
__ramtop                                       ramtop       001000
__smallconst                                   smallconst   001000
_bufferWrite                                   bssBANK1     000100
_data_1                                        bssCOMRAM    00003A
_data_2                                        bssCOMRAM    000039
_dbuf                                          bssBANK0     0000DB
_eeprom_24C01C_read_byte                       text15       001F60
_eeprom_24C01C_write_byte                      text13       001E8A
_eusartRxLastError                             bssCOMRAM    00003B
_flags                                         bssBANK0     0000DA
_fputc                                         text9        0012A4
_fputs                                         text8        001BAA
_i2c_fsmStateTable                             smallconst   001001
_main                                          text0        0016CC
_pad                                           text7        001768
_prec                                          bssCOMRAM    000034
_print_rtc_data_time                           text2        001432
_putch                                         text10       002064
_rd1RegCompleteHandler                         text74       001DC8
_rd2RegCompleteHandler                         text73       001D9C
_rdBlkRegCompleteHandler                       text71       001C2E
_reading                                       bssCOMRAM    00003C
_rtc_get_value                                 text1        00158E
_sprintf                                       text3        001B5A
_temp_reading                                  bssCOMRAM    000038
_vfpfcnvrt                                     text5        001044
_vfprintf                                      text4        001B06
_width                                         bssCOMRAM    000032
_wr1RegCompleteHandler                         text72       001D70
_wr2RegCompleteHandler                         text75       001DF4
_xtoa                                          text6        001184
_xtoa$2290                                     cstackBANK0  000073
btemp                                          temp         000045
eeprom_24C01C_read_byte@byte_address           cstackCOMRAM 000026
eeprom_24C01C_read_byte@eeprom_id              cstackCOMRAM 000027
eeprom_24C01C_write_byte@byte_address          cstackCOMRAM 000026
eeprom_24C01C_write_byte@data                  cstackCOMRAM 000027
eeprom_24C01C_write_byte@eeprom_id             cstackCOMRAM 000028
end_of_initialization                          cinit        001D3A
fputc@c                                        cstackCOMRAM 00001A
fputc@fp                                       cstackCOMRAM 00001C
fputs@c                                        cstackCOMRAM 000027
fputs@fp                                       cstackCOMRAM 000025
fputs@i                                        cstackCOMRAM 000028
fputs@s                                        cstackCOMRAM 000023
i2I2C_SetBuffer@buffer                         cstackCOMRAM 000001
i2I2C_SetBuffer@bufferSize                     cstackCOMRAM 000003
i2I2C_SetCallback@cb                           cstackCOMRAM 000001
i2I2C_SetCallback@idx                          cstackCOMRAM 000005
i2I2C_SetCallback@ptr                          cstackCOMRAM 000003
i2I2C_SetDataCompleteCallback@cb               cstackCOMRAM 000006
i2I2C_SetDataCompleteCallback@ptr              cstackCOMRAM 000008
i2_I2C_MasterClearIrq                          text45       002044
i2_I2C_SetBuffer                               text78       001E44
i2_I2C_SetCallback                             text77       0018D8
i2_I2C_SetDataCompleteCallback                 text76       001ED4
int$flags                                      temp         000045
intlevel0                                      text         000000
intlevel1                                      text         000000
intlevel2                                      text         000000
intlevel3                                      text         000000
isa$std                                        (abs)        000001
isa$xinst                                      (abs)        000000
pad@buf                                        cstackBANK0  000062
pad@fp                                         cstackBANK0  000060
pad@i                                          cstackBANK0  000066
pad@p                                          cstackBANK0  000064
pad@w                                          cstackBANK0  000068
print_rtc_data_time@ptr                        cstackBANK0  0000AE
rd1RegCompleteHandler@ptr                      cstackCOMRAM 00000A
rd2RegCompleteHandler@ptr                      cstackCOMRAM 00000A
rdBlkRegCompleteHandler@ptr                    cstackCOMRAM 00000A
rtc_get_value@F476                             bssCOMRAM    00002B
rtc_get_value@adress                           cstackBANK0  000067
rtc_get_value@rtc_get_value_local              cstackBANK0  000068
sprintf@ap                                     cstackBANK0  0000A0
sprintf@f                                      cstackBANK0  0000A2
sprintf@fmt                                    cstackBANK0  000092
sprintf@s                                      cstackBANK0  000090
stackhi                                        (abs)        000000
stacklo                                        (abs)        000000
start                                          init         0000C4
start_initialization                           cinit        001D16
ttemp5                                         temp         000046
ttemp6                                         temp         000049
ttemp7                                         temp         00004D
vfpfcnvrt@ap                                   cstackBANK0  00007E
vfpfcnvrt@convarg                              cstackBANK0  000082
vfpfcnvrt@cp                                   cstackBANK0  000086
vfpfcnvrt@fmt                                  cstackBANK0  00007C
vfpfcnvrt@fp                                   cstackBANK0  00007A
vfprintf@ap                                    cstackBANK0  00008C
vfprintf@cfmt                                  cstackBANK0  00008E
vfprintf@fmt                                   cstackBANK0  00008A
vfprintf@fp                                    cstackBANK0  000088
wr1RegCompleteHandler@ptr                      cstackCOMRAM 00000A
wr2RegCompleteHandler@ptr                      cstackCOMRAM 00000A
wtemp8                                         temp         000046
xtoa@c                                         cstackBANK0  000079
xtoa@d                                         cstackBANK0  00006C
xtoa@fp                                        cstackBANK0  00006A
xtoa@i                                         cstackBANK0  000077
xtoa@p                                         cstackBANK0  000075
xtoa@w                                         cstackBANK0  000071


MODULE INFORMATION

Module		Function		Class		Link	Load	Size
E:\Program Files\Microchip\xc8\v2.41\pic\sources\c99\common\doprnt.c
		_vfpfcnvrt     		CODE           	1044	0000	320
		_pad           		CODE           	1768	0000	126
		_vfprintf      		CODE           	1B06	0000	84
		_xtoa          		CODE           	1184	0000	288

E:\Program Files\Microchip\xc8\v2.41\pic\sources\c99\common\doprnt.c estimated size: 818

RTC_Module/RTC.c
		_rtc_get_value 		CODE           	158E	0000	160

RTC_Module/RTC.c estimated size: 160

E:\Program Files\Microchip\xc8\v2.41\pic\sources\c99\common\nf_fputs.c
		_fputs         		CODE           	1BAA	0000	68

E:\Program Files\Microchip\xc8\v2.41\pic\sources\c99\common\nf_fputs.c estimated size: 68

External_EEPROM/external_eeprom.c
		_eeprom_24C01C_write_byte		CODE           	1E8A	0000	26
		_eeprom_24C01C_read_byte		CODE           	1F60	0000	14

External_EEPROM/external_eeprom.c estimated size: 40

mcc_generated_files/interrupt_manager.c
		_INTERRUPT_Initialize		CODE           	2040	0000	4
		_INTERRUPT_InterruptManager		CODE           	0008	0000	188

mcc_generated_files/interrupt_manager.c estimated size: 192

E:\Program Files\Microchip\xc8\v2.41\pic\sources\c99\common\putch.c
		_putch         		CODE           	2064	0000	2

E:\Program Files\Microchip\xc8\v2.41\pic\sources\c99\common\putch.c estimated size: 2

mcc_generated_files/examples/i2c_master_example.c
		_wr1RegCompleteHandler		CODE           	1D70	0000	44
		_wr2RegCompleteHandler		CODE           	1DF4	0000	44
		_I2C_Write1ByteRegister		CODE           	1A32	0000	110
		_I2C_Read1ByteRegister		CODE           	194E	0000	116
		_rdBlkRegCompleteHandler		CODE           	1C2E	0000	64
		_rd1RegCompleteHandler		CODE           	1DC8	0000	44
		_rd2RegCompleteHandler		CODE           	1D9C	0000	44

mcc_generated_files/examples/i2c_master_example.c estimated size: 466

mcc_generated_files/pin_manager.c
		_PIN_MANAGER_Initialize		CODE           	1CE6	0000	48

mcc_generated_files/pin_manager.c estimated size: 48

E:\Program Files\Microchip\xc8\v2.41\pic\sources\c99\common\nf_sprintf.c
		_sprintf       		CODE           	1B5A	0000	80

E:\Program Files\Microchip\xc8\v2.41\pic\sources\c99\common\nf_sprintf.c estimated size: 80

E:\Program Files\Microchip\xc8\v2.41\pic\sources\c99\common\nf_fputc.c
		_fputc         		CODE           	12A4	0000	202

E:\Program Files\Microchip\xc8\v2.41\pic\sources\c99\common\nf_fputc.c estimated size: 202

Temp_sensor_TC74/Temp_sensor_TC74.c
		_Temp_sensor_TC74_Read		CODE           	1F6E	0000	14

Temp_sensor_TC74/Temp_sensor_TC74.c estimated size: 14

shared
		i2_I2C_SetBuffer		CODE           	1E44	0000	36
		__initialization		CODE           	1D16	0000	36
		i2_I2C_SetCallback		CODE           	18D8	0000	118
		i2_I2C_SetDataCompleteCallback		CODE           	1ED4	0000	24
		i2_I2C_MasterClearIrq		CODE           	2044	0000	4
		_i2c_fsmStateTable		SMALLCONST     	1001	0000	32

shared estimated size: 250

mcc_generated_files/mcc.c
		_OSCILLATOR_Initialize		CODE           	1FAA	0000	10
		_SYSTEM_Initialize		CODE           	1F02	0000	22

mcc_generated_files/mcc.c estimated size: 32

Print_RTC/print_rtc.c
		_print_rtc_data_time		CODE           	1432	0000	182

Print_RTC/print_rtc.c estimated size: 182

mcc_generated_files/i2c_master.c
		_I2C_Close     		CODE           	1D44	0000	44
		_I2C_MasterStartRx		CODE           	2050	0000	4
		_I2C_DO_SEND_ADR_WRITE		CODE           	1F40	0000	16
		_I2C_DO_SEND_STOP		CODE           	1FF2	0000	8
		_I2C_MasterSendNack		CODE           	2026	0000	6
		_I2C_MasterDisableIrq		CODE           	2034	0000	4
		_I2C_CallbackReturnStop		CODE           	2058	0000	4
		_I2C_MasterOperation		CODE           	1BEE	0000	64
		_I2C_DO_SEND_ADR_READ		CODE           	1F50	0000	16
		_I2C_DO_RX_NACK_STOP		CODE           	1FE2	0000	8
		_I2C_DO_SEND_RESTART		CODE           	1FFA	0000	8
		_I2C_DO_RX     		CODE           	14E8	0000	166
		_I2C_DO_TX     		CODE           	136E	0000	196
		_I2C_DO_IDLE   		CODE           	1F94	0000	12
		_I2C_DO_RCEN   		CODE           	1F88	0000	12
		_I2C_DO_RESET  		CODE           	1F7C	0000	12
		_I2C_MasterClose		CODE           	2038	0000	4
		_I2C_MasterWrite		CODE           	1FD2	0000	8
		_I2C_DO_RX_ACK 		CODE           	1FEA	0000	8
		_I2C_MasterStart		CODE           	2030	0000	4
		_I2C_MasterClearIrq		CODE           	203C	0000	4
		_I2C_MasterGetRxData		CODE           	204C	0000	4
		_I2C_SetCallback		CODE           	1862	0000	118
		_I2C_DO_ADDRESS_NACK		CODE           	1AA0	0000	102
		_I2C_MasterEnableRestart		CODE           	2060	0000	4
		_I2C_CallbackReturnReset		CODE           	2054	0000	4
		_I2C_Open      		CODE           	162E	0000	158
		_I2C_SetAddressNackCallback		CODE           	1EBC	0000	24
		_I2C_DO_TX_EMPTY		CODE           	17E6	0000	124
		_I2C_DO_SEND_RESTART_WRITE		CODE           	2002	0000	8
		_I2C_MasterIsNack		CODE           	1F2C	0000	20
		_I2C_SetDataCompleteCallback		CODE           	1EA4	0000	24
		_I2C_DO_RX_NACK_RESTART		CODE           	1FDA	0000	8
		_I2C_MasterSendAck		CODE           	2020	0000	6
		_I2C_MasterFsm 		CODE           	19C2	0000	112
		_I2C_MasterIsr 		CODE           	201A	0000	6
		_I2C_MasterSetIrq		CODE           	2048	0000	4
		_I2C_DO_SEND_RESTART_READ		CODE           	200A	0000	8
		_I2C_MasterEnableIrq		CODE           	202C	0000	4
		_I2C_Initialize		CODE           	1F18	0000	20
		_I2C_SetBuffer 		CODE           	1E20	0000	36
		_I2C_SetInterruptHandler		CODE           	1FA0	0000	10
		_I2C_MasterOpen		CODE           	1E68	0000	34
		_I2C_MasterSendTxData		CODE           	2012	0000	8
		_I2C_MasterStop		CODE           	205C	0000	4

mcc_generated_files/i2c_master.c estimated size: 1458

mcc_generated_files/eusart.c
		_EUSART_Write  		CODE           	1EEC	0000	22
		_EUSART_Write_string		CODE           	1CAC	0000	58
		_EUSART_Initialize		CODE           	1C6E	0000	62
		_EUSART_SetFramingErrorHandler		CODE           	1FBE	0000	10
		_EUSART_SetErrorHandler		CODE           	1FC8	0000	10
		_EUSART_SetOverrunErrorHandler		CODE           	1FB4	0000	10

mcc_generated_files/eusart.c estimated size: 172

main.c
		_main          		CODE           	16CC	0000	156

main.c estimated size: 156

