Microchip MPLAB XC8 Compiler V2.41

Linker command line:

-W-3 \
  --edf=C:/Users/Unlimited/.mchp_packs/Microchip/PIC18F-K_DFP/1.11.281/xc8\pic\dat\20230721151103_en.msgs \
  -cn -h+dist/default/production\Smart_Home.X.production.sym \
  --cmf=dist/default/production\Smart_Home.X.production.cmf -z -Q18F46K20 \
  -oC:\Users\Unlimited\AppData\Local\Temp\xcAso0s.\driver_tmp_3.o \
  --defsym=__MPLAB_BUILD=1 --fixupoverflow=error \
  -Mdist/default/production/Smart_Home.X.production.map \
  --md=C:\Users\Unlimited\AppData\Local\Temp\xcAso0s.\driver_tmp_0.dat -E1 \
  -ver=XC8 Compiler --acfsm=1493 -ACODE=00h-0FFFFh -ACONST=00h-0FFFFh \
  -ASMALLCONST=01000h-010FFhx240 -AMEDIUMCONST=01000h-0FFFFh \
  -ACOMRAM=01h-05Fh -AABS1=00h-0F5Fh -ABIGRAM=01h-0F5Fh \
  -ARAM=060h-0FFh,0100h-01FFhx14,0F00h-0F5Fh -ABANK0=060h-0FFh \
  -ABANK1=0100h-01FFh -ABANK2=0200h-02FFh -ABANK3=0300h-03FFh \
  -ABANK4=0400h-04FFh -ABANK5=0500h-05FFh -ABANK6=0600h-06FFh \
  -ABANK7=0700h-07FFh -ABANK8=0800h-08FFh -ABANK9=0900h-09FFh \
  -ABANK10=0A00h-0AFFh -ABANK11=0B00h-0BFFh -ABANK12=0C00h-0CFFh \
  -ABANK13=0D00h-0DFFh -ABANK14=0E00h-0EFFh -ABANK15=0F00h-0F5Fh \
  -ASFR=0F60h-0FFFh -ABIGSFR=0F60h-0FFFh -ACONFIG=0300000h-030000Dh \
  -AIDLOC=0200000h-0200007h -AEEDATA=0F00000h-0F003FFh -peeprom_data=EEDATA \
  -preset_vec=00h,intcode=08h,intcodelo,powerup,init -pramtop=01000h \
  -psmallconst=SMALLCONST -pmediumconst=MEDIUMCONST -pconst=CONST \
  -AFARRAM=00h-00h \
  -prdata=COMRAM,nvrram=COMRAM,nvbit=COMRAM,rbss=COMRAM,rbit=COMRAM \
  -pfarbss=FARRAM,fardata=FARRAM,nvFARRAM=FARRAM \
  -pintsave_regs=BIGRAM,bigbss=BIGRAM,bigdata=BIGRAM -pbss=RAM \
  -pidata=CODE,irdata=CODE,ibigdata=CODE,ifardata=CODE -prparam=COMRAM \
  C:\Users\Unlimited\AppData\Local\Temp\xcAso0s.\driver_tmp_14.o \
  dist/default/production\Smart_Home.X.production.o 

Object code version is 3.11

Machine type is 18F46K20



                Name                               Link     Load   Length Selector   Space Scale
C:\Users\Unlimited\AppData\Local\Temp\xcAso0s.\driver_tmp_14.o
                idloc                            200000   200000        8        0       5
                config                           300000   300000        E        0       4
                init                                 C4       C4        4        4       0
                reset_vec                             0        0        4        0       0
dist/default/production\Smart_Home.X.production.o
                intcode                               8        8       BC        4       0
                idloc                            200000   200000        8        0       5
                config                           300000   300000        E        0       4
                temp                                 46       46        1        1       1
                smallconst                         1000     1000       44      800       0
                text76                             1F52     1F52        4      822       0
                text75                             1F4E     1F4E        4      822       0
                text74                             1D6C     1D6C       24      822       0
                text73                             183C     183C       76      822       0
                text72                             1DE2     1DE2       18      822       0
                text71                             1D1C     1D1C       2C      822       0
                text70                             1CF0     1CF0       2C      822       0
                text69                             1CC4     1CC4       2C      822       0
                text68                             1C98     1C98       2C      822       0
                text67                             1B24     1B24       40      822       0
                text66                             1F4A     1F4A        4      822       0
                text65                             1F46     1F46        4      822       0
                text64                             1F42     1F42        4      822       0
                text63                             1F18     1F18        6      822       0
                text62                             1F3E     1F3E        4      822       0
                text61                             1F12     1F12        6      822       0
                text60                             1F04     1F04        8      822       0
                text59                             1E3A     1E3A       14      822       0
                text58                             1F3A     1F3A        4      822       0
                text57                             174A     174A       7C      822       0
                text56                             1E86     1E86        C      822       0
                text55                             1E5E     1E5E       10      822       0
                text54                             1E4E     1E4E       10      822       0
                text53                             136E     136E       C4      822       0
                text52                             14E8     14E8       A6      822       0
                text51                             1E7A     1E7A        C      822       0
                text50                             1EFC     1EFC        8      822       0
                text49                             1EF4     1EF4        8      822       0
                text48                             1EEC     1EEC        8      822       0
                text47                             1EE4     1EE4        8      822       0
                text46                             1EDC     1EDC        8      822       0
                text45                             1ED4     1ED4        8      822       0
                text44                             1ECC     1ECC        8      822       0
                text43                             1E6E     1E6E        C      822       0
                text42                             1996     1996       66      822       0
                text41                             1F36     1F36        4      822       0
                text40                             1926     1926       70      822       0
                text39                             1F0C     1F0C        6      822       0
                text37                             1EBA     1EBA        A      822       0
                text36                             1EB0     1EB0        A      822       0
                text35                             1EA6     1EA6        A      822       0
                text34                             1B64     1B64       3E      822       0
                text33                             1E26     1E26       14      822       0
                text32                             1F32     1F32        4      822       0
                text31                             1E9C     1E9C        A      822       0
                text30                             1C0E     1C0E       30      822       0
                text29                             1E10     1E10       16      822       0
                text28                             1DFA     1DFA       16      822       0
                text27                             1BA2     1BA2       3A      822       0
                text26                             1F56     1F56        2      822       0
                text25                             12A4     12A4       CA      822       0
                text24                             1AA0     1AA0       44      822       0
                text23                             16CC     16CC       7E      822       0
                text22                             1184     1184      120      822       0
                text21                             1044     1044      140      822       0
                text20                             19FC     19FC       54      822       0
                text19                             1A50     1A50       50      822       0
                text18                             1432     1432       B6      822       0
                text17                             1F2E     1F2E        4      822       0
                text16                             1F2A     1F2A        4      822       0
                text15                             1F26     1F26        4      822       0
                text14                             1C6C     1C6C       2C      822       0
                text13                             1F22     1F22        4      822       0
                text12                             1AE4     1AE4       40      822       0
                text11                             1EC4     1EC4        8      822       0
                text10                             1F1E     1F1E        4      822       0
                text9                              1D90     1D90       22      822       0
                text8                              1E92     1E92        A      822       0
                text7                              162E     162E       9E      822       0
                text6                              17C6     17C6       76      822       0
                text5                              1DCA     1DCA       18      822       0
                text4                              1D48     1D48       24      822       0
                text3                              1DB2     1DB2       18      822       0
                text2                              18B2     18B2       74      822       0
                text1                              158E     158E       A0      822       0
                text0                              1BDC     1BDC       32      822       0
                cstackCOMRAM                          1        1       2C        1       1
                cstackBANK0                          60       60       54       60       1
                bssBANK1                            100      100       32      100       1
                bssBANK0                             B4       B4       45       60       1
                bssCOMRAM                            2D       2D       15        1       1
                cinit                              1C3E     1C3E       2E      822       0
                nvBANK0                              F9       F9        2       60       1
                nvCOMRAM                             42       42        4        1       1

TOTAL           Name                               Link     Load   Length     Space
        CLASS   CODE           
                intcode                               8        8       BC         0
                init                                 C4       C4        4         0
                reset_vec                             0        0        4         0
                text76                             1F52     1F52        4         0
                text75                             1F4E     1F4E        4         0
                text74                             1D6C     1D6C       24         0
                text73                             183C     183C       76         0
                text72                             1DE2     1DE2       18         0
                text71                             1D1C     1D1C       2C         0
                text70                             1CF0     1CF0       2C         0
                text69                             1CC4     1CC4       2C         0
                text68                             1C98     1C98       2C         0
                text67                             1B24     1B24       40         0
                text66                             1F4A     1F4A        4         0
                text65                             1F46     1F46        4         0
                text64                             1F42     1F42        4         0
                text63                             1F18     1F18        6         0
                text62                             1F3E     1F3E        4         0
                text61                             1F12     1F12        6         0
                text60                             1F04     1F04        8         0
                text59                             1E3A     1E3A       14         0
                text58                             1F3A     1F3A        4         0
                text57                             174A     174A       7C         0
                text56                             1E86     1E86        C         0
                text55                             1E5E     1E5E       10         0
                text54                             1E4E     1E4E       10         0
                text53                             136E     136E       C4         0
                text52                             14E8     14E8       A6         0
                text51                             1E7A     1E7A        C         0
                text50                             1EFC     1EFC        8         0
                text49                             1EF4     1EF4        8         0
                text48                             1EEC     1EEC        8         0
                text47                             1EE4     1EE4        8         0
                text46                             1EDC     1EDC        8         0
                text45                             1ED4     1ED4        8         0
                text44                             1ECC     1ECC        8         0
                text43                             1E6E     1E6E        C         0
                text42                             1996     1996       66         0
                text41                             1F36     1F36        4         0
                text40                             1926     1926       70         0
                text39                             1F0C     1F0C        6         0
                text37                             1EBA     1EBA        A         0
                text36                             1EB0     1EB0        A         0
                text35                             1EA6     1EA6        A         0
                text34                             1B64     1B64       3E         0
                text33                             1E26     1E26       14         0
                text32                             1F32     1F32        4         0
                text31                             1E9C     1E9C        A         0
                text30                             1C0E     1C0E       30         0
                text29                             1E10     1E10       16         0
                text28                             1DFA     1DFA       16         0
                text27                             1BA2     1BA2       3A         0
                text26                             1F56     1F56        2         0
                text25                             12A4     12A4       CA         0
                text24                             1AA0     1AA0       44         0
                text23                             16CC     16CC       7E         0
                text22                             1184     1184      120         0
                text21                             1044     1044      140         0
                text20                             19FC     19FC       54         0
                text19                             1A50     1A50       50         0
                text18                             1432     1432       B6         0
                text17                             1F2E     1F2E        4         0
                text16                             1F2A     1F2A        4         0
                text15                             1F26     1F26        4         0
                text14                             1C6C     1C6C       2C         0
                text13                             1F22     1F22        4         0
                text12                             1AE4     1AE4       40         0
                text11                             1EC4     1EC4        8         0
                text10                             1F1E     1F1E        4         0
                text9                              1D90     1D90       22         0
                text8                              1E92     1E92        A         0
                text7                              162E     162E       9E         0
                text6                              17C6     17C6       76         0
                text5                              1DCA     1DCA       18         0
                text4                              1D48     1D48       24         0
                text3                              1DB2     1DB2       18         0
                text2                              18B2     18B2       74         0
                text1                              158E     158E       A0         0
                text0                              1BDC     1BDC       32         0
                cinit                              1C3E     1C3E       2E         0

        CLASS   CONST          

        CLASS   SMALLCONST     
                smallconst                         1000     1000       44         0

        CLASS   MEDIUMCONST    

        CLASS   COMRAM         
                temp                                 46       46        1         1
                cstackCOMRAM                          1        1       2C         1
                bssCOMRAM                            2D       2D       15         1
                nvCOMRAM                             42       42        4         1

        CLASS   ABS1           

        CLASS   BIGRAM         

        CLASS   RAM            

        CLASS   BANK0          
                cstackBANK0                          60       60       54         1
                bssBANK0                             B4       B4       45         1
                nvBANK0                              F9       F9        2         1

        CLASS   BANK1          
                bssBANK1                            100      100       32         1

        CLASS   BANK2          

        CLASS   BANK3          

        CLASS   BANK4          

        CLASS   BANK5          

        CLASS   BANK6          

        CLASS   BANK7          

        CLASS   BANK8          

        CLASS   BANK9          

        CLASS   BANK10         

        CLASS   BANK11         

        CLASS   BANK12         

        CLASS   BANK13         

        CLASS   BANK14         

        CLASS   BANK15         

        CLASS   SFR            

        CLASS   BIGSFR         

        CLASS   CONFIG         
                config                           300000   300000        E         4

        CLASS   IDLOC          
                idloc                            200000   200000        8         5

        CLASS   EEDATA         

        CLASS   FARRAM         

        CLASS   HEAP           

        CLASS   STACK          



SEGMENTS        Name                           Load    Length   Top    Selector   Space  Class

                reset_vec                      000000  000004  000004         0       0  CODE    
                cstackCOMRAM                   000001  000046  000047         1       1  COMRAM  
                intcode                        000008  0000C0  0000C8         4       0  CODE    
                cstackBANK0                    000060  00009B  0000FB        60       1  BANK0   
                bssBANK1                       000100  000032  000132       100       1  BANK1   
                smallconst                     001000  000044  001044       800       0  SMALLCON
                text21                         001044  000F14  001F58       822       0  CODE    


UNUSED ADDRESS RANGES

        Name                Unused          Largest block    Delta
        BANK0            0000FB-0000FF                5
        BANK1            000132-0001FF               CE
        BANK10           000A00-000AFF              100
        BANK11           000B00-000BFF              100
        BANK12           000C00-000CFF              100
        BANK13           000D00-000DFF              100
        BANK14           000E00-000EFF              100
        BANK15           000F00-000F5F               60
        BANK2            000200-0002FF              100
        BANK3            000300-0003FF              100
        BANK4            000400-0004FF              100
        BANK5            000500-0005FF              100
        BANK6            000600-0006FF              100
        BANK7            000700-0007FF              100
        BANK8            000800-0008FF              100
        BANK9            000900-0009FF              100
        BIGRAM           000047-00005F               19
                         0000FB-0000FF                5
                         000132-000F5F              E2E
        BIGSFR           000F60-000FFF               A0
        CODE             000004-000007                4
                         0000C8-000FFF              F38
                         001F58-00FFFF             E0A8
        COMRAM           000047-00005F               19
        CONST            000004-000007                4
                         0000C8-000FFF              F38
                         001F58-00FFFF             E0A8
        EEDATA           F00000-F003FF              400
        MEDIUMCONST      001F58-00FFFF             E0A8
        RAM              0000FB-0000FF                5
                         000132-000F5F              100
        SFR              000F60-000FFF               A0
        SMALLCONST       001F58-00FFFF              100

                                  Symbol Table

?_rtc_get_value                                cstackCOMRAM 000026
?_sprintf                                      cstackBANK0  00008E
?_vfprintf                                     cstackBANK0  000086
EUSART_SetErrorHandler@interruptHandler        cstackCOMRAM 00001A
EUSART_SetFramingErrorHandler@interruptHandler cstackCOMRAM 00001A
EUSART_SetOverrunErrorHandler@interruptHandler cstackCOMRAM 00001A
EUSART_Write@txData                            cstackCOMRAM 00001A
EUSART_Write_string@data                       cstackCOMRAM 00001B
EUSART_Write_string@i                          cstackCOMRAM 00001D
I2C_CallbackReturnReset@funPtr                 cstackCOMRAM 00000A
I2C_Close@returnValue                          cstackCOMRAM 00001A
I2C_MasterOperation@read                       cstackCOMRAM 00001A
I2C_MasterOperation@returnValue                cstackCOMRAM 00001B
I2C_MasterSendTxData@data                      cstackCOMRAM 000001
I2C_Open@address                               cstackCOMRAM 00001C
I2C_Open@returnValue                           cstackCOMRAM 00001D
I2C_Read1ByteRegister@address                  cstackCOMRAM 000024
I2C_Read1ByteRegister@reg                      cstackCOMRAM 000023
I2C_Read1ByteRegister@returnValue              cstackCOMRAM 000025
I2C_SetAddressNackCallback@cb                  cstackCOMRAM 00001F
I2C_SetAddressNackCallback@ptr                 cstackCOMRAM 000021
I2C_SetBuffer@buffer                           cstackCOMRAM 00001A
I2C_SetBuffer@bufferSize                       cstackCOMRAM 00001C
I2C_SetCallback@cb                             cstackCOMRAM 00001A
I2C_SetCallback@idx                            cstackCOMRAM 00001E
I2C_SetCallback@ptr                            cstackCOMRAM 00001C
I2C_SetDataCompleteCallback@cb                 cstackCOMRAM 00001F
I2C_SetDataCompleteCallback@ptr                cstackCOMRAM 000021
I2C_SetInterruptHandler@InterruptHandler       cstackCOMRAM 00001A
_ANSEL                                         (abs)        000F7E
_ANSELH                                        (abs)        000F7F
_BAUDCON                                       (abs)        000FB8
_EEADR                                         (abs)        000FA9
_EEADRH                                        (abs)        000FAA
_EECON1bits                                    (abs)        000FA6
_EECON2                                        (abs)        000FA7
_EEDATA                                        (abs)        000FA8
_EUSART_DefaultErrorHandler                    (abs)        000000
_EUSART_DefaultFramingErrorHandler             (abs)        000000
_EUSART_DefaultOverrunErrorHandler             (abs)        000000
_EUSART_ErrorHandler                           nvBANK0      0000F9
_EUSART_FramingErrorHandler                    nvCOMRAM     000044
_EUSART_Initialize                             text34       001B64
_EUSART_OverrunErrorHandler                    nvCOMRAM     000042
_EUSART_SetErrorHandler                        text37       001EBA
_EUSART_SetFramingErrorHandler                 text36       001EB0
_EUSART_SetOverrunErrorHandler                 text35       001EA6
_EUSART_Write                                  text28       001DFA
_EUSART_Write_string                           text27       001BA2
_I2C_CallbackReturnReset                       text65       001F46
_I2C_CallbackReturnStop                        text66       001F4A
_I2C_Close                                     text14       001C6C
_I2C_DO_ADDRESS_NACK                           text42       001996
_I2C_DO_IDLE                                   text56       001E86
_I2C_DO_RCEN                                   text51       001E7A
_I2C_DO_RESET                                  text43       001E6E
_I2C_DO_RX                                     text52       0014E8
_I2C_DO_RX_ACK                                 text46       001EDC
_I2C_DO_RX_NACK_RESTART                        text44       001ECC
_I2C_DO_RX_NACK_STOP                           text45       001ED4
_I2C_DO_SEND_ADR_READ                          text55       001E5E
_I2C_DO_SEND_ADR_WRITE                         text54       001E4E
_I2C_DO_SEND_RESTART                           text48       001EEC
_I2C_DO_SEND_RESTART_READ                      text50       001EFC
_I2C_DO_SEND_RESTART_WRITE                     text49       001EF4
_I2C_DO_SEND_STOP                              text47       001EE4
_I2C_DO_TX                                     text53       00136E
_I2C_DO_TX_EMPTY                               text57       00174A
_I2C_Initialize                                text33       001E26
_I2C_MasterClearIrq                            text17       001F2E
_I2C_MasterClose                               text16       001F2A
_I2C_MasterDisableIrq                          text15       001F26
_I2C_MasterEnableIrq                           text10       001F1E
_I2C_MasterEnableRestart                       text76       001F52
_I2C_MasterFsm                                 text40       001926
_I2C_MasterGetRxData                           text62       001F3E
_I2C_MasterIsNack                              text59       001E3A
_I2C_MasterIsr                                 text39       001F0C
_I2C_MasterOpen                                text9        001D90
_I2C_MasterOperation                           text12       001AE4
_I2C_MasterSendAck                             text61       001F12
_I2C_MasterSendNack                            text63       001F18
_I2C_MasterSendTxData                          text60       001F04
_I2C_MasterSetIrq                              text58       001F3A
_I2C_MasterStart                               text13       001F22
_I2C_MasterStartRx                             text64       001F42
_I2C_MasterStop                                text75       001F4E
_I2C_MasterWrite                               text11       001EC4
_I2C_Open                                      text7        00162E
_I2C_Read1ByteRegister                         text2        0018B2
_I2C_SetAddressNackCallback                    text5        001DCA
_I2C_SetBuffer                                 text4        001D48
_I2C_SetCallback                               text6        0017C6
_I2C_SetDataCompleteCallback                   text3        001DB2
_I2C_SetInterruptHandler                       text8        001E92
_I2C_Status                                    bssBANK0     0000B4
_INTCON2bits                                   (abs)        000FF1
_INTCONbits                                    (abs)        000FF2
_INTERRUPT_Initialize                          text32       001F32
_INTERRUPT_InterruptManager                    intcode      000008
_LATA                                          (abs)        000F89
_LATB                                          (abs)        000F8A
_LATC                                          (abs)        000F8B
_LATD                                          (abs)        000F8C
_LATE                                          (abs)        000F8D
_MSSP_InterruptHandler                         bssCOMRAM    000038
_OSCCON                                        (abs)        000FD3
_OSCILLATOR_Initialize                         text31       001E9C
_OSCTUNE                                       (abs)        000F9B
_PIE1bits                                      (abs)        000F9D
_PIE2bits                                      (abs)        000FA0
_PIN_MANAGER_Initialize                        text30       001C0E
_PIR1bits                                      (abs)        000F9E
_PIR2bits                                      (abs)        000FA1
_RCONbits                                      (abs)        000FD0
_RCREG                                         (abs)        000FAE
_RCSTA                                         (abs)        000FAB
_RCSTAbits                                     (abs)        000FAB
_SPBRG                                         (abs)        000FAF
_SPBRGH                                        (abs)        000FB0
_SSPADD                                        (abs)        000FC8
_SSPBUF                                        (abs)        000FC9
_SSPCON1                                       (abs)        000FC6
_SSPCON1bits                                   (abs)        000FC6
_SSPCON2                                       (abs)        000FC5
_SSPCON2bits                                   (abs)        000FC5
_SSPSTAT                                       (abs)        000FC7
_SSPSTATbits                                   (abs)        000FC7
_SYSTEM_Initialize                             text29       001E10
_TABLAT                                        (abs)        000FF5
_TBLPTRH                                       (abs)        000FF7
_TBLPTRL                                       (abs)        000FF6
_TBLPTRU                                       (abs)        000FF8
_TRISA                                         (abs)        000F92
_TRISB                                         (abs)        000F93
_TRISC                                         (abs)        000F94
_TRISD                                         (abs)        000F95
_TRISE                                         (abs)        000F96
_TXREG                                         (abs)        000FAD
_TXSTA                                         (abs)        000FAC
_TXSTAbits                                     (abs)        000FAC
_WPUB                                          (abs)        000F7C
__HRAM                                         (abs)        000000
__H__absolute__                                __absolute__ 000000
__Habs1                                        abs1         000000
__Hbank0                                       bank0        000000
__Hbank1                                       bank1        000000
__Hbank10                                      bank10       000000
__Hbank11                                      bank11       000000
__Hbank12                                      bank12       000000
__Hbank13                                      bank13       000000
__Hbank14                                      bank14       000000
__Hbank15                                      bank15       000000
__Hbank2                                       bank2        000000
__Hbank3                                       bank3        000000
__Hbank4                                       bank4        000000
__Hbank5                                       bank5        000000
__Hbank6                                       bank6        000000
__Hbank7                                       bank7        000000
__Hbank8                                       bank8        000000
__Hbank9                                       bank9        000000
__Hbigbss                                      bigbss       000000
__Hbigdata                                     bigdata      000000
__Hbigram                                      bigram       000000
__Hbigsfr                                      bigsfr       000000
__Hbss                                         bss          000000
__HbssBANK0                                    bssBANK0     000000
__HbssBANK1                                    bssBANK1     000000
__HbssCOMRAM                                   bssCOMRAM    000000
__Hcinit                                       cinit        000000
__Hclrtext                                     clrtext      000000
__Hcomram                                      comram       000000
__Hconfig                                      config       30000E
__Hconst                                       const        000000
__HcstackBANK0                                 cstackBANK0  000000
__HcstackCOMRAM                                cstackCOMRAM 000000
__Hdata                                        data         000000
__Heeprom_data                                 eeprom_data  000000
__Hfarbss                                      farbss       000000
__Hfardata                                     fardata      000000
__Hheap                                        heap         000000
__Hibigdata                                    ibigdata     000000
__Hidata                                       idata        000000
__Hidloc                                       idloc        200008
__Hifardata                                    ifardata     000000
__Hinit                                        init         0000C8
__Hintcode                                     intcode      0000C4
__Hintcode_body                                intcode_body 000000
__Hintcodelo                                   intcodelo    0000C4
__Hintentry                                    intentry     000000
__Hintret                                      intret       000000
__Hintsave_regs                                intsave_regs 000000
__Hirdata                                      irdata       000000
__Hmediumconst                                 mediumconst  000000
__HnvBANK0                                     nvBANK0      000000
__HnvCOMRAM                                    nvCOMRAM     000000
__HnvFARRAM                                    nvFARRAM     000000
__Hnvbit                                       nvbit        000000
__Hnvrram                                      nvrram       000000
__Hparam                                       rparam       000000
__Hpowerup                                     powerup      0000C4
__Hram                                         ram          000000
__Hramtop                                      ramtop       001000
__Hrbit                                        rbit         000000
__Hrbss                                        rbss         000000
__Hrdata                                       rdata        000000
__Hreset_vec                                   reset_vec    000004
__Hrparam                                      rparam       000000
__Hsfr                                         sfr          000000
__Hsmallconst                                  smallconst   001044
__Hspace_0                                     (abs)        001F58
__Hspace_1                                     (abs)        000132
__Hspace_2                                     (abs)        000000
__Hspace_4                                     (abs)        60000E
__Hstack                                       stack        000000
__Hstruct                                      struct       000000
__Htemp                                        temp         000047
__Htext                                        text         000000
__Htext0                                       text0        000000
__Htext1                                       text1        000000
__Htext10                                      text10       000000
__Htext11                                      text11       000000
__Htext12                                      text12       000000
__Htext13                                      text13       000000
__Htext14                                      text14       000000
__Htext15                                      text15       000000
__Htext16                                      text16       000000
__Htext17                                      text17       000000
__Htext18                                      text18       000000
__Htext19                                      text19       000000
__Htext2                                       text2        000000
__Htext20                                      text20       000000
__Htext21                                      text21       000000
__Htext22                                      text22       000000
__Htext23                                      text23       000000
__Htext24                                      text24       000000
__Htext25                                      text25       000000
__Htext26                                      text26       000000
__Htext27                                      text27       000000
__Htext28                                      text28       000000
__Htext29                                      text29       000000
__Htext3                                       text3        000000
__Htext30                                      text30       000000
__Htext31                                      text31       000000
__Htext32                                      text32       000000
__Htext33                                      text33       000000
__Htext34                                      text34       000000
__Htext35                                      text35       000000
__Htext36                                      text36       000000
__Htext37                                      text37       000000
__Htext39                                      text39       000000
__Htext4                                       text4        000000
__Htext40                                      text40       000000
__Htext41                                      text41       000000
__Htext42                                      text42       000000
__Htext43                                      text43       000000
__Htext44                                      text44       000000
__Htext45                                      text45       000000
__Htext46                                      text46       000000
__Htext47                                      text47       000000
__Htext48                                      text48       000000
__Htext49                                      text49       000000
__Htext5                                       text5        000000
__Htext50                                      text50       000000
__Htext51                                      text51       000000
__Htext52                                      text52       000000
__Htext53                                      text53       000000
__Htext54                                      text54       000000
__Htext55                                      text55       000000
__Htext56                                      text56       000000
__Htext57                                      text57       000000
__Htext58                                      text58       000000
__Htext59                                      text59       000000
__Htext6                                       text6        000000
__Htext60                                      text60       000000
__Htext61                                      text61       000000
__Htext62                                      text62       000000
__Htext63                                      text63       000000
__Htext64                                      text64       000000
__Htext65                                      text65       000000
__Htext66                                      text66       000000
__Htext67                                      text67       000000
__Htext68                                      text68       000000
__Htext69                                      text69       000000
__Htext7                                       text7        000000
__Htext70                                      text70       000000
__Htext71                                      text71       000000
__Htext72                                      text72       000000
__Htext73                                      text73       000000
__Htext74                                      text74       000000
__Htext75                                      text75       000000
__Htext76                                      text76       000000
__Htext77                                      text77       000000
__Htext8                                       text8        000000
__Htext9                                       text9        000000
__LRAM                                         (abs)        000001
__L__absolute__                                __absolute__ 000000
__Labs1                                        abs1         000000
__Lbank0                                       bank0        000000
__Lbank1                                       bank1        000000
__Lbank10                                      bank10       000000
__Lbank11                                      bank11       000000
__Lbank12                                      bank12       000000
__Lbank13                                      bank13       000000
__Lbank14                                      bank14       000000
__Lbank15                                      bank15       000000
__Lbank2                                       bank2        000000
__Lbank3                                       bank3        000000
__Lbank4                                       bank4        000000
__Lbank5                                       bank5        000000
__Lbank6                                       bank6        000000
__Lbank7                                       bank7        000000
__Lbank8                                       bank8        000000
__Lbank9                                       bank9        000000
__Lbigbss                                      bigbss       000000
__Lbigdata                                     bigdata      000000
__Lbigram                                      bigram       000000
__Lbigsfr                                      bigsfr       000000
__Lbss                                         bss          000000
__LbssBANK0                                    bssBANK0     000000
__LbssBANK1                                    bssBANK1     000000
__LbssCOMRAM                                   bssCOMRAM    000000
__Lcinit                                       cinit        000000
__Lclrtext                                     clrtext      000000
__Lcomram                                      comram       000000
__Lconfig                                      config       000000
__Lconst                                       const        000000
__LcstackBANK0                                 cstackBANK0  000000
__LcstackCOMRAM                                cstackCOMRAM 000000
__Ldata                                        data         000000
__Leeprom_data                                 eeprom_data  000000
__Lfarbss                                      farbss       000000
__Lfardata                                     fardata      000000
__Lheap                                        heap         000000
__Libigdata                                    ibigdata     000000
__Lidata                                       idata        000000
__Lidloc                                       idloc        000000
__Lifardata                                    ifardata     000000
__Linit                                        init         0000C4
__Lintcode                                     intcode      000008
__Lintcode_body                                intcode_body 000000
__Lintcodelo                                   intcodelo    0000C4
__Lintentry                                    intentry     000000
__Lintret                                      intret       000000
__Lintsave_regs                                intsave_regs 000000
__Lirdata                                      irdata       000000
__Lmediumconst                                 mediumconst  000000
__LnvBANK0                                     nvBANK0      000000
__LnvCOMRAM                                    nvCOMRAM     000000
__LnvFARRAM                                    nvFARRAM     000000
__Lnvbit                                       nvbit        000000
__Lnvrram                                      nvrram       000000
__Lparam                                       rparam       000000
__Lpowerup                                     powerup      0000C4
__Lram                                         ram          000000
__Lramtop                                      ramtop       001000
__Lrbit                                        rbit         000000
__Lrbss                                        rbss         000000
__Lrdata                                       rdata        000000
__Lreset_vec                                   reset_vec    000000
__Lrparam                                      rparam       000000
__Lsfr                                         sfr          000000
__Lsmallconst                                  smallconst   001000
__Lspace_0                                     (abs)        000000
__Lspace_1                                     (abs)        000000
__Lspace_2                                     (abs)        000000
__Lspace_4                                     (abs)        000000
__Lstack                                       stack        000000
__Lstruct                                      struct       000000
__Ltemp                                        temp         000046
__Ltext                                        text         000000
__Ltext0                                       text0        000000
__Ltext1                                       text1        000000
__Ltext10                                      text10       000000
__Ltext11                                      text11       000000
__Ltext12                                      text12       000000
__Ltext13                                      text13       000000
__Ltext14                                      text14       000000
__Ltext15                                      text15       000000
__Ltext16                                      text16       000000
__Ltext17                                      text17       000000
__Ltext18                                      text18       000000
__Ltext19                                      text19       000000
__Ltext2                                       text2        000000
__Ltext20                                      text20       000000
__Ltext21                                      text21       000000
__Ltext22                                      text22       000000
__Ltext23                                      text23       000000
__Ltext24                                      text24       000000
__Ltext25                                      text25       000000
__Ltext26                                      text26       000000
__Ltext27                                      text27       000000
__Ltext28                                      text28       000000
__Ltext29                                      text29       000000
__Ltext3                                       text3        000000
__Ltext30                                      text30       000000
__Ltext31                                      text31       000000
__Ltext32                                      text32       000000
__Ltext33                                      text33       000000
__Ltext34                                      text34       000000
__Ltext35                                      text35       000000
__Ltext36                                      text36       000000
__Ltext37                                      text37       000000
__Ltext39                                      text39       000000
__Ltext4                                       text4        000000
__Ltext40                                      text40       000000
__Ltext41                                      text41       000000
__Ltext42                                      text42       000000
__Ltext43                                      text43       000000
__Ltext44                                      text44       000000
__Ltext45                                      text45       000000
__Ltext46                                      text46       000000
__Ltext47                                      text47       000000
__Ltext48                                      text48       000000
__Ltext49                                      text49       000000
__Ltext5                                       text5        000000
__Ltext50                                      text50       000000
__Ltext51                                      text51       000000
__Ltext52                                      text52       000000
__Ltext53                                      text53       000000
__Ltext54                                      text54       000000
__Ltext55                                      text55       000000
__Ltext56                                      text56       000000
__Ltext57                                      text57       000000
__Ltext58                                      text58       000000
__Ltext59                                      text59       000000
__Ltext6                                       text6        000000
__Ltext60                                      text60       000000
__Ltext61                                      text61       000000
__Ltext62                                      text62       000000
__Ltext63                                      text63       000000
__Ltext64                                      text64       000000
__Ltext65                                      text65       000000
__Ltext66                                      text66       000000
__Ltext67                                      text67       000000
__Ltext68                                      text68       000000
__Ltext69                                      text69       000000
__Ltext7                                       text7        000000
__Ltext70                                      text70       000000
__Ltext71                                      text71       000000
__Ltext72                                      text72       000000
__Ltext73                                      text73       000000
__Ltext74                                      text74       000000
__Ltext75                                      text75       000000
__Ltext76                                      text76       000000
__Ltext77                                      text77       000000
__Ltext8                                       text8        000000
__Ltext9                                       text9        000000
__S0                                           (abs)        001F58
__S1                                           (abs)        000132
__S4                                           (abs)        000000
__S5                                           (abs)        000000
___heap_hi                                     (abs)        000000
___heap_lo                                     (abs)        000000
___inthi_sp                                    stack        000000
___intlo_sp                                    stack        000000
___param_bank                                  (abs)        000000
___rparam_used                                 (abs)        000001
___sp                                          stack        000000
__accesstop                                    (abs)        000060
__activetblptr                                 (abs)        000003
__end_of_EUSART_Initialize                     text34       001BA2
__end_of_EUSART_SetErrorHandler                text37       001EC4
__end_of_EUSART_SetFramingErrorHandler         text36       001EBA
__end_of_EUSART_SetOverrunErrorHandler         text35       001EB0
__end_of_EUSART_Write                          text28       001E10
__end_of_EUSART_Write_string                   text27       001BDC
__end_of_I2C_CallbackReturnReset               text65       001F4A
__end_of_I2C_CallbackReturnStop                text66       001F4E
__end_of_I2C_Close                             text14       001C98
__end_of_I2C_DO_ADDRESS_NACK                   text42       0019FC
__end_of_I2C_DO_IDLE                           text56       001E92
__end_of_I2C_DO_RCEN                           text51       001E86
__end_of_I2C_DO_RESET                          text43       001E7A
__end_of_I2C_DO_RX                             text52       00158E
__end_of_I2C_DO_RX_ACK                         text46       001EE4
__end_of_I2C_DO_RX_NACK_RESTART                text44       001ED4
__end_of_I2C_DO_RX_NACK_STOP                   text45       001EDC
__end_of_I2C_DO_SEND_ADR_READ                  text55       001E6E
__end_of_I2C_DO_SEND_ADR_WRITE                 text54       001E5E
__end_of_I2C_DO_SEND_RESTART                   text48       001EF4
__end_of_I2C_DO_SEND_RESTART_READ              text50       001F04
__end_of_I2C_DO_SEND_RESTART_WRITE             text49       001EFC
__end_of_I2C_DO_SEND_STOP                      text47       001EEC
__end_of_I2C_DO_TX                             text53       001432
__end_of_I2C_DO_TX_EMPTY                       text57       0017C6
__end_of_I2C_Initialize                        text33       001E3A
__end_of_I2C_MasterClearIrq                    text17       001F32
__end_of_I2C_MasterClose                       text16       001F2E
__end_of_I2C_MasterDisableIrq                  text15       001F2A
__end_of_I2C_MasterEnableIrq                   text10       001F22
__end_of_I2C_MasterEnableRestart               text76       001F56
__end_of_I2C_MasterFsm                         text40       001996
__end_of_I2C_MasterGetRxData                   text62       001F42
__end_of_I2C_MasterIsNack                      text59       001E4E
__end_of_I2C_MasterIsr                         text39       001F12
__end_of_I2C_MasterOpen                        text9        001DB2
__end_of_I2C_MasterOperation                   text12       001B24
__end_of_I2C_MasterSendAck                     text61       001F18
__end_of_I2C_MasterSendNack                    text63       001F1E
__end_of_I2C_MasterSendTxData                  text60       001F0C
__end_of_I2C_MasterSetIrq                      text58       001F3E
__end_of_I2C_MasterStart                       text13       001F26
__end_of_I2C_MasterStartRx                     text64       001F46
__end_of_I2C_MasterStop                        text75       001F52
__end_of_I2C_MasterWrite                       text11       001ECC
__end_of_I2C_Open                              text7        0016CC
__end_of_I2C_Read1ByteRegister                 text2        001926
__end_of_I2C_SetAddressNackCallback            text5        001DE2
__end_of_I2C_SetBuffer                         text4        001D6C
__end_of_I2C_SetCallback                       text6        00183C
__end_of_I2C_SetDataCompleteCallback           text3        001DCA
__end_of_I2C_SetInterruptHandler               text8        001E9C
__end_of_INTERRUPT_Initialize                  text32       001F36
__end_of_INTERRUPT_InterruptManager            intcode      0000C4
__end_of_OSCILLATOR_Initialize                 text31       001EA6
__end_of_PIN_MANAGER_Initialize                text30       001C3E
__end_of_SYSTEM_Initialize                     text29       001E26
__end_of__initialization                       cinit        001C62
__end_of_fputc                                 text25       00136E
__end_of_fputs                                 text24       001AE4
__end_of_i2c_fsmStateTable                     smallconst   001021
__end_of_main                                  text0        001C0E
__end_of_pad                                   text23       00174A
__end_of_print_rtc_data_time                   text18       0014E8
__end_of_putch                                 text26       001F58
__end_of_rd1RegCompleteHandler                 text70       001D1C
__end_of_rd2RegCompleteHandler                 text69       001CF0
__end_of_rdBlkRegCompleteHandler               text67       001B64
__end_of_rtc_get_value                         text1        00162E
__end_of_sprintf                               text19       001AA0
__end_of_vfpfcnvrt                             text21       001184
__end_of_vfprintf                              text20       001A50
__end_of_wr1RegCompleteHandler                 text68       001CC4
__end_of_wr2RegCompleteHandler                 text71       001D48
__end_of_xtoa                                  text22       0012A4
__end_ofi2_I2C_MasterClearIrq                  text41       001F3A
__end_ofi2_I2C_SetBuffer                       text74       001D90
__end_ofi2_I2C_SetCallback                     text73       0018B2
__end_ofi2_I2C_SetDataCompleteCallback         text72       001DFA
__initialization                               cinit        001C3E
__mediumconst                                  mediumconst  000000
__pbssBANK0                                    bssBANK0     0000B4
__pbssBANK1                                    bssBANK1     000100
__pbssCOMRAM                                   bssCOMRAM    00002D
__pcinit                                       cinit        001C3E
__pcstackBANK0                                 cstackBANK0  000060
__pcstackCOMRAM                                cstackCOMRAM 000001
__pintcode                                     intcode      000008
__pnvBANK0                                     nvBANK0      0000F9
__pnvCOMRAM                                    nvCOMRAM     000042
__psmallconst                                  smallconst   001000
__ptext0                                       text0        001BDC
__ptext1                                       text1        00158E
__ptext10                                      text10       001F1E
__ptext11                                      text11       001EC4
__ptext12                                      text12       001AE4
__ptext13                                      text13       001F22
__ptext14                                      text14       001C6C
__ptext15                                      text15       001F26
__ptext16                                      text16       001F2A
__ptext17                                      text17       001F2E
__ptext18                                      text18       001432
__ptext19                                      text19       001A50
__ptext2                                       text2        0018B2
__ptext20                                      text20       0019FC
__ptext21                                      text21       001044
__ptext22                                      text22       001184
__ptext23                                      text23       0016CC
__ptext24                                      text24       001AA0
__ptext25                                      text25       0012A4
__ptext26                                      text26       001F56
__ptext27                                      text27       001BA2
__ptext28                                      text28       001DFA
__ptext29                                      text29       001E10
__ptext3                                       text3        001DB2
__ptext30                                      text30       001C0E
__ptext31                                      text31       001E9C
__ptext32                                      text32       001F32
__ptext33                                      text33       001E26
__ptext34                                      text34       001B64
__ptext35                                      text35       001EA6
__ptext36                                      text36       001EB0
__ptext37                                      text37       001EBA
__ptext39                                      text39       001F0C
__ptext4                                       text4        001D48
__ptext40                                      text40       001926
__ptext41                                      text41       001F36
__ptext42                                      text42       001996
__ptext43                                      text43       001E6E
__ptext44                                      text44       001ECC
__ptext45                                      text45       001ED4
__ptext46                                      text46       001EDC
__ptext47                                      text47       001EE4
__ptext48                                      text48       001EEC
__ptext49                                      text49       001EF4
__ptext5                                       text5        001DCA
__ptext50                                      text50       001EFC
__ptext51                                      text51       001E7A
__ptext52                                      text52       0014E8
__ptext53                                      text53       00136E
__ptext54                                      text54       001E4E
__ptext55                                      text55       001E5E
__ptext56                                      text56       001E86
__ptext57                                      text57       00174A
__ptext58                                      text58       001F3A
__ptext59                                      text59       001E3A
__ptext6                                       text6        0017C6
__ptext60                                      text60       001F04
__ptext61                                      text61       001F12
__ptext62                                      text62       001F3E
__ptext63                                      text63       001F18
__ptext64                                      text64       001F42
__ptext65                                      text65       001F46
__ptext66                                      text66       001F4A
__ptext67                                      text67       001B24
__ptext68                                      text68       001C98
__ptext69                                      text69       001CC4
__ptext7                                       text7        00162E
__ptext70                                      text70       001CF0
__ptext71                                      text71       001D1C
__ptext72                                      text72       001DE2
__ptext73                                      text73       00183C
__ptext74                                      text74       001D6C
__ptext75                                      text75       001F4E
__ptext76                                      text76       001F52
__ptext77                                      text77       000000
__ptext8                                       text8        001E92
__ptext9                                       text9        001D90
__ramtop                                       ramtop       001000
__smallconst                                   smallconst   001000
_bufferWrite                                   bssBANK1     000100
_dbuf                                          bssBANK0     0000D9
_eusartRxLastError                             bssCOMRAM    00003A
_flags                                         bssBANK0     0000D8
_fputc                                         text25       0012A4
_fputs                                         text24       001AA0
_i2c_fsmStateTable                             smallconst   001001
_main                                          text0        001BDC
_pad                                           text23       0016CC
_prec                                          bssCOMRAM    000036
_print_rtc_data_time                           text18       001432
_putch                                         text26       001F56
_rd1RegCompleteHandler                         text70       001CF0
_rd2RegCompleteHandler                         text69       001CC4
_rdBlkRegCompleteHandler                       text67       001B24
_reading                                       bssCOMRAM    00003B
_rtc_get_value                                 text1        00158E
_sprintf                                       text19       001A50
_vfpfcnvrt                                     text21       001044
_vfprintf                                      text20       0019FC
_width                                         bssCOMRAM    000034
_wr1RegCompleteHandler                         text68       001C98
_wr2RegCompleteHandler                         text71       001D1C
_xtoa                                          text22       001184
_xtoa$2244                                     cstackBANK0  000073
btemp                                          temp         000046
end_of_initialization                          cinit        001C62
fputc@c                                        cstackCOMRAM 00001A
fputc@fp                                       cstackCOMRAM 00001C
fputs@c                                        cstackCOMRAM 000027
fputs@fp                                       cstackCOMRAM 000025
fputs@i                                        cstackCOMRAM 000028
fputs@s                                        cstackCOMRAM 000023
i2I2C_SetBuffer@buffer                         cstackCOMRAM 000001
i2I2C_SetBuffer@bufferSize                     cstackCOMRAM 000003
i2I2C_SetCallback@cb                           cstackCOMRAM 000001
i2I2C_SetCallback@idx                          cstackCOMRAM 000005
i2I2C_SetCallback@ptr                          cstackCOMRAM 000003
i2I2C_SetDataCompleteCallback@cb               cstackCOMRAM 000006
i2I2C_SetDataCompleteCallback@ptr              cstackCOMRAM 000008
i2_I2C_MasterClearIrq                          text41       001F36
i2_I2C_SetBuffer                               text74       001D6C
i2_I2C_SetCallback                             text73       00183C
i2_I2C_SetDataCompleteCallback                 text72       001DE2
int$flags                                      temp         000046
intlevel0                                      text         000000
intlevel1                                      text         000000
intlevel2                                      text         000000
intlevel3                                      text         000000
isa$std                                        (abs)        000001
isa$xinst                                      (abs)        000000
pad@buf                                        cstackBANK0  000062
pad@fp                                         cstackBANK0  000060
pad@i                                          cstackBANK0  000066
pad@p                                          cstackBANK0  000064
pad@w                                          cstackBANK0  000068
print_rtc_data_time@ptr                        cstackBANK0  0000AC
rd1RegCompleteHandler@ptr                      cstackCOMRAM 00000A
rd2RegCompleteHandler@ptr                      cstackCOMRAM 00000A
rdBlkRegCompleteHandler@ptr                    cstackCOMRAM 00000A
rtc_get_value@F476                             bssCOMRAM    00002D
rtc_get_value@adress                           cstackBANK0  000060
rtc_get_value@rtc_get_value_local              cstackBANK0  000061
sprintf@ap                                     cstackBANK0  00009E
sprintf@f                                      cstackBANK0  0000A0
sprintf@fmt                                    cstackBANK0  000090
sprintf@s                                      cstackBANK0  00008E
stackhi                                        (abs)        000000
stacklo                                        (abs)        000000
start                                          init         0000C4
start_initialization                           cinit        001C3E
ttemp5                                         temp         000047
ttemp6                                         temp         00004A
ttemp7                                         temp         00004E
vfpfcnvrt@ap                                   cstackBANK0  00007E
vfpfcnvrt@convarg                              cstackBANK0  000080
vfpfcnvrt@cp                                   cstackBANK0  000084
vfpfcnvrt@fmt                                  cstackBANK0  00007C
vfpfcnvrt@fp                                   cstackBANK0  00007A
vfprintf@ap                                    cstackBANK0  00008A
vfprintf@cfmt                                  cstackBANK0  00008C
vfprintf@fmt                                   cstackBANK0  000088
vfprintf@fp                                    cstackBANK0  000086
wr1RegCompleteHandler@ptr                      cstackCOMRAM 00000A
wr2RegCompleteHandler@ptr                      cstackCOMRAM 00000A
wtemp8                                         temp         000047
xtoa@c                                         cstackBANK0  000079
xtoa@d                                         cstackBANK0  00006C
xtoa@fp                                        cstackBANK0  00006A
xtoa@i                                         cstackBANK0  000077
xtoa@p                                         cstackBANK0  000075
xtoa@w                                         cstackBANK0  000071


MODULE INFORMATION

Module		Function		Class		Link	Load	Size
E:\Program Files\Microchip\xc8\v2.41\pic\sources\c99\common\doprnt.c
		_vfpfcnvrt     		CODE           	1044	0000	320
		_pad           		CODE           	16CC	0000	126
		_vfprintf      		CODE           	19FC	0000	84
		_xtoa          		CODE           	1184	0000	288

E:\Program Files\Microchip\xc8\v2.41\pic\sources\c99\common\doprnt.c estimated size: 818

RTC_Module/RTC.c
		_rtc_get_value 		CODE           	158E	0000	160

RTC_Module/RTC.c estimated size: 160

E:\Program Files\Microchip\xc8\v2.41\pic\sources\c99\common\nf_fputs.c
		_fputs         		CODE           	1AA0	0000	68

E:\Program Files\Microchip\xc8\v2.41\pic\sources\c99\common\nf_fputs.c estimated size: 68

mcc_generated_files/interrupt_manager.c
		_INTERRUPT_Initialize		CODE           	1F32	0000	4
		_INTERRUPT_InterruptManager		CODE           	0008	0000	188

mcc_generated_files/interrupt_manager.c estimated size: 192

E:\Program Files\Microchip\xc8\v2.41\pic\sources\c99\common\putch.c
		_putch         		CODE           	1F56	0000	2

E:\Program Files\Microchip\xc8\v2.41\pic\sources\c99\common\putch.c estimated size: 2

mcc_generated_files/examples/i2c_master_example.c
		_wr1RegCompleteHandler		CODE           	1C98	0000	44
		_wr2RegCompleteHandler		CODE           	1D1C	0000	44
		_I2C_Read1ByteRegister		CODE           	18B2	0000	116
		_rdBlkRegCompleteHandler		CODE           	1B24	0000	64
		_rd1RegCompleteHandler		CODE           	1CF0	0000	44
		_rd2RegCompleteHandler		CODE           	1CC4	0000	44

mcc_generated_files/examples/i2c_master_example.c estimated size: 356

mcc_generated_files/pin_manager.c
		_PIN_MANAGER_Initialize		CODE           	1C0E	0000	48

mcc_generated_files/pin_manager.c estimated size: 48

E:\Program Files\Microchip\xc8\v2.41\pic\sources\c99\common\nf_sprintf.c
		_sprintf       		CODE           	1A50	0000	80

E:\Program Files\Microchip\xc8\v2.41\pic\sources\c99\common\nf_sprintf.c estimated size: 80

E:\Program Files\Microchip\xc8\v2.41\pic\sources\c99\common\nf_fputc.c
		_fputc         		CODE           	12A4	0000	202

E:\Program Files\Microchip\xc8\v2.41\pic\sources\c99\common\nf_fputc.c estimated size: 202

shared
		i2_I2C_SetBuffer		CODE           	1D6C	0000	36
		__initialization		CODE           	1C3E	0000	36
		i2_I2C_SetCallback		CODE           	183C	0000	118
		i2_I2C_SetDataCompleteCallback		CODE           	1DE2	0000	24
		i2_I2C_MasterClearIrq		CODE           	1F36	0000	4
		_i2c_fsmStateTable		SMALLCONST     	1001	0000	32

shared estimated size: 250

mcc_generated_files/mcc.c
		_OSCILLATOR_Initialize		CODE           	1E9C	0000	10
		_SYSTEM_Initialize		CODE           	1E10	0000	22

mcc_generated_files/mcc.c estimated size: 32

Print_RTC/print_rtc.c
		_print_rtc_data_time		CODE           	1432	0000	182

Print_RTC/print_rtc.c estimated size: 182

mcc_generated_files/i2c_master.c
		_I2C_Close     		CODE           	1C6C	0000	44
		_I2C_MasterStartRx		CODE           	1F42	0000	4
		_I2C_DO_SEND_ADR_WRITE		CODE           	1E4E	0000	16
		_I2C_DO_SEND_STOP		CODE           	1EE4	0000	8
		_I2C_MasterSendNack		CODE           	1F18	0000	6
		_I2C_MasterDisableIrq		CODE           	1F26	0000	4
		_I2C_CallbackReturnStop		CODE           	1F4A	0000	4
		_I2C_MasterOperation		CODE           	1AE4	0000	64
		_I2C_DO_SEND_ADR_READ		CODE           	1E5E	0000	16
		_I2C_DO_RX_NACK_STOP		CODE           	1ED4	0000	8
		_I2C_DO_SEND_RESTART		CODE           	1EEC	0000	8
		_I2C_DO_RX     		CODE           	14E8	0000	166
		_I2C_DO_TX     		CODE           	136E	0000	196
		_I2C_DO_IDLE   		CODE           	1E86	0000	12
		_I2C_DO_RCEN   		CODE           	1E7A	0000	12
		_I2C_DO_RESET  		CODE           	1E6E	0000	12
		_I2C_MasterClose		CODE           	1F2A	0000	4
		_I2C_MasterWrite		CODE           	1EC4	0000	8
		_I2C_DO_RX_ACK 		CODE           	1EDC	0000	8
		_I2C_MasterStart		CODE           	1F22	0000	4
		_I2C_MasterClearIrq		CODE           	1F2E	0000	4
		_I2C_MasterGetRxData		CODE           	1F3E	0000	4
		_I2C_SetCallback		CODE           	17C6	0000	118
		_I2C_DO_ADDRESS_NACK		CODE           	1996	0000	102
		_I2C_MasterEnableRestart		CODE           	1F52	0000	4
		_I2C_CallbackReturnReset		CODE           	1F46	0000	4
		_I2C_Open      		CODE           	162E	0000	158
		_I2C_SetAddressNackCallback		CODE           	1DCA	0000	24
		_I2C_DO_TX_EMPTY		CODE           	174A	0000	124
		_I2C_DO_SEND_RESTART_WRITE		CODE           	1EF4	0000	8
		_I2C_MasterIsNack		CODE           	1E3A	0000	20
		_I2C_SetDataCompleteCallback		CODE           	1DB2	0000	24
		_I2C_DO_RX_NACK_RESTART		CODE           	1ECC	0000	8
		_I2C_MasterSendAck		CODE           	1F12	0000	6
		_I2C_MasterFsm 		CODE           	1926	0000	112
		_I2C_MasterIsr 		CODE           	1F0C	0000	6
		_I2C_MasterSetIrq		CODE           	1F3A	0000	4
		_I2C_DO_SEND_RESTART_READ		CODE           	1EFC	0000	8
		_I2C_MasterEnableIrq		CODE           	1F1E	0000	4
		_I2C_Initialize		CODE           	1E26	0000	20
		_I2C_SetBuffer 		CODE           	1D48	0000	36
		_I2C_SetInterruptHandler		CODE           	1E92	0000	10
		_I2C_MasterOpen		CODE           	1D90	0000	34
		_I2C_MasterSendTxData		CODE           	1F04	0000	8
		_I2C_MasterStop		CODE           	1F4E	0000	4

mcc_generated_files/i2c_master.c estimated size: 1458

mcc_generated_files/eusart.c
		_EUSART_Write  		CODE           	1DFA	0000	22
		_EUSART_Write_string		CODE           	1BA2	0000	58
		_EUSART_Initialize		CODE           	1B64	0000	62
		_EUSART_SetFramingErrorHandler		CODE           	1EB0	0000	10
		_EUSART_SetErrorHandler		CODE           	1EBA	0000	10
		_EUSART_SetOverrunErrorHandler		CODE           	1EA6	0000	10

mcc_generated_files/eusart.c estimated size: 172

main.c
		_main          		CODE           	1BDC	0000	50

main.c estimated size: 50

